Component: Arm Compiler for Embedded 6.21 Tool: armlink [5ec1fa00]

==============================================================================

Section Cross References

    startup_stm32f103xb.o(STACK) refers (Special) to heapauxi.o(.text) for __use_two_region_memory
    startup_stm32f103xb.o(HEAP) refers (Special) to heapauxi.o(.text) for __use_two_region_memory
    startup_stm32f103xb.o(RESET) refers (Special) to heapauxi.o(.text) for __use_two_region_memory
    startup_stm32f103xb.o(RESET) refers to startup_stm32f103xb.o(STACK) for __initial_sp
    startup_stm32f103xb.o(RESET) refers to startup_stm32f103xb.o(.text) for Reset_Handler
    startup_stm32f103xb.o(RESET) refers to stm32f1xx_it.o(.text.NMI_Handler) for NMI_Handler
    startup_stm32f103xb.o(RESET) refers to stm32f1xx_it.o(.text.HardFault_Handler) for HardFault_Handler
    startup_stm32f103xb.o(RESET) refers to stm32f1xx_it.o(.text.MemManage_Handler) for MemManage_Handler
    startup_stm32f103xb.o(RESET) refers to stm32f1xx_it.o(.text.BusFault_Handler) for BusFault_Handler
    startup_stm32f103xb.o(RESET) refers to stm32f1xx_it.o(.text.UsageFault_Handler) for UsageFault_Handler
    startup_stm32f103xb.o(RESET) refers to stm32f1xx_it.o(.text.SVC_Handler) for SVC_Handler
    startup_stm32f103xb.o(RESET) refers to stm32f1xx_it.o(.text.DebugMon_Handler) for DebugMon_Handler
    startup_stm32f103xb.o(RESET) refers to stm32f1xx_it.o(.text.PendSV_Handler) for PendSV_Handler
    startup_stm32f103xb.o(RESET) refers to stm32f1xx_it.o(.text.SysTick_Handler) for SysTick_Handler
    startup_stm32f103xb.o(RESET) refers to stm32f1xx_it.o(.text.DMA1_Channel5_IRQHandler) for DMA1_Channel5_IRQHandler
    startup_stm32f103xb.o(RESET) refers to stm32f1xx_it.o(.text.TIM2_IRQHandler) for TIM2_IRQHandler
    startup_stm32f103xb.o(RESET) refers to stm32f1xx_it.o(.text.USART1_IRQHandler) for USART1_IRQHandler
    startup_stm32f103xb.o(.text) refers (Special) to heapauxi.o(.text) for __use_two_region_memory
    startup_stm32f103xb.o(.text) refers to system_stm32f1xx.o(.text.SystemInit) for SystemInit
    startup_stm32f103xb.o(.text) refers to __main.o(!!!main) for __main
    startup_stm32f103xb.o(.text) refers to startup_stm32f103xb.o(HEAP) for Heap_Mem
    startup_stm32f103xb.o(.text) refers to startup_stm32f103xb.o(STACK) for Stack_Mem
    main.o(.text.main) refers to stm32f1xx_hal.o(.text.HAL_Init) for HAL_Init
    main.o(.text.main) refers to main.o(.text.SystemClock_Config) for SystemClock_Config
    main.o(.text.main) refers to gpio.o(.text.MX_GPIO_Init) for MX_GPIO_Init
    main.o(.text.main) refers to dma.o(.text.MX_DMA_Init) for MX_DMA_Init
    main.o(.text.main) refers to tim.o(.text.MX_TIM2_Init) for MX_TIM2_Init
    main.o(.text.main) refers to usart.o(.text.MX_USART1_UART_Init) for MX_USART1_UART_Init
    main.o(.text.main) refers to periph_pc.o(.text.Gimbal_InitGimbal) for Gimbal_InitGimbal
    main.o(.text.main) refers to main.o(.data.servo_pitch_angle) for servo_pitch_angle
    main.o(.text.main) refers to main.o(.data.servo_yaw_angle) for servo_yaw_angle
    main.o(.text.main) refers to periph_pc.o(.text.Gimbal_SetGimbalAngle) for Gimbal_SetGimbalAngle
    main.o(.text.main) refers to periph_pc.o(.text.Gimbal_StartGimbal) for Gimbal_StartGimbal
    main.o(.text.main) refers to periph_pc.o(.text.Gimbal_OnlineNotice) for Gimbal_OnlineNotice
    main.o(.text.main) refers to stm32f1xx_hal.o(.text.HAL_Delay) for HAL_Delay
    main.o(.text.main) refers to periph_pc.o(.text.Gimbal_Heartbeat) for Gimbal_Heartbeat
    main.o(.ARM.exidx.text.main) refers to main.o(.text.main) for [Anonymous Symbol]
    main.o(.text.SystemClock_Config) refers to rt_memclr_w.o(.text) for __aeabi_memclr4
    main.o(.text.SystemClock_Config) refers to stm32f1xx_hal_rcc.o(.text.HAL_RCC_OscConfig) for HAL_RCC_OscConfig
    main.o(.text.SystemClock_Config) refers to main.o(.text.Error_Handler) for Error_Handler
    main.o(.text.SystemClock_Config) refers to stm32f1xx_hal_rcc.o(.text.HAL_RCC_ClockConfig) for HAL_RCC_ClockConfig
    main.o(.ARM.exidx.text.SystemClock_Config) refers to main.o(.text.SystemClock_Config) for [Anonymous Symbol]
    main.o(.ARM.exidx.text.Error_Handler) refers to main.o(.text.Error_Handler) for [Anonymous Symbol]
    gpio.o(.ARM.exidx.text.MX_GPIO_Init) refers to gpio.o(.text.MX_GPIO_Init) for [Anonymous Symbol]
    dma.o(.text.MX_DMA_Init) refers to stm32f1xx_hal_cortex.o(.text.HAL_NVIC_SetPriority) for HAL_NVIC_SetPriority
    dma.o(.text.MX_DMA_Init) refers to stm32f1xx_hal_cortex.o(.text.HAL_NVIC_EnableIRQ) for HAL_NVIC_EnableIRQ
    dma.o(.ARM.exidx.text.MX_DMA_Init) refers to dma.o(.text.MX_DMA_Init) for [Anonymous Symbol]
    tim.o(.text.MX_TIM2_Init) refers to tim.o(.bss.htim2) for htim2
    tim.o(.text.MX_TIM2_Init) refers to stm32f1xx_hal_tim.o(.text.HAL_TIM_PWM_Init) for HAL_TIM_PWM_Init
    tim.o(.text.MX_TIM2_Init) refers to main.o(.text.Error_Handler) for Error_Handler
[...]
    system_stm32f1xx.c                       0x00000000   Number         0  system_stm32f1xx.o ABSOLUTE
    tim.c                                    0x00000000   Number         0  tim.o ABSOLUTE
    usart.c                                  0x00000000   Number         0  usart.o ABSOLUTE
    util_flash.c                             0x00000000   Number         0  util_flash.o ABSOLUTE
    util_pwm.c                               0x00000000   Number         0  util_pwm.o ABSOLUTE
    util_uart.c                              0x00000000   Number         0  util_uart.o ABSOLUTE
    RESET                                    0x08000000   Section      236  startup_stm32f103xb.o(RESET)
    !!!main                                  0x080000ec   Section        8  __main.o(!!!main)
    !!!scatter                               0x080000f4   Section       92  __scatter.o(!!!scatter)
    !!handler_copy                           0x08000150   Section       26  __scatter_copy.o(!!handler_copy)
    !!handler_null                           0x0800016c   Section        2  __scatter.o(!!handler_null)
    !!handler_zi                             0x08000170   Section       28  __scatter_zi.o(!!handler_zi)
    .ARM.Collect$$libinit$$00000000          0x0800018c   Section        2  libinit.o(.ARM.Collect$$libinit$$00000000)
    .ARM.Collect$$libinit$$00000002          0x0800018e   Section        0  libinit2.o(.ARM.Collect$$libinit$$00000002)
    .ARM.Collect$$libinit$$00000004          0x0800018e   Section        0  libinit2.o(.ARM.Collect$$libinit$$00000004)
    .ARM.Collect$$libinit$$00000006          0x0800018e   Section        0  libinit2.o(.ARM.Collect$$libinit$$00000006)
    .ARM.Collect$$libinit$$0000000C          0x0800018e   Section        0  libinit2.o(.ARM.Collect$$libinit$$0000000C)
    .ARM.Collect$$libinit$$0000000E          0x0800018e   Section        0  libinit2.o(.ARM.Collect$$libinit$$0000000E)
    .ARM.Collect$$libinit$$00000010          0x0800018e   Section        0  libinit2.o(.ARM.Collect$$libinit$$00000010)
    .ARM.Collect$$libinit$$00000013          0x0800018e   Section        0  libinit2.o(.ARM.Collect$$libinit$$00000013)
    .ARM.Collect$$libinit$$00000015          0x0800018e   Section        0  libinit2.o(.ARM.Collect$$libinit$$00000015)
    .ARM.Collect$$libinit$$00000017          0x0800018e   Section        0  libinit2.o(.ARM.Collect$$libinit$$00000017)
    .ARM.Collect$$libinit$$00000019          0x0800018e   Section        0  libinit2.o(.ARM.Collect$$libinit$$00000019)
    .ARM.Collect$$libinit$$0000001B          0x0800018e   Section        0  libinit2.o(.ARM.Collect$$libinit$$0000001B)
    .ARM.Collect$$libinit$$0000001D          0x0800018e   Section        0  libinit2.o(.ARM.Collect$$libinit$$0000001D)
    .ARM.Collect$$libinit$$0000001F          0x0800018e   Section        0  libinit2.o(.ARM.Collect$$libinit$$0000001F)
    .ARM.Collect$$libinit$$00000021          0x0800018e   Section        0  libinit2.o(.ARM.Collect$$libinit$$00000021)
    .ARM.Collect$$libinit$$00000023          0x0800018e   Section        0  libinit2.o(.ARM.Collect$$libinit$$00000023)
    .ARM.Collect$$libinit$$00000025          0x0800018e   Section        0  libinit2.o(.ARM.Collect$$libinit$$00000025)
    .ARM.Collect$$libinit$$00000027          0x0800018e   Section        0  libinit2.o(.ARM.Collect$$libinit$$00000027)
    .ARM.Collect$$libinit$$0000002E          0x0800018e   Section        0  libinit2.o(.ARM.Collect$$libinit$$0000002E)
    .ARM.Collect$$libinit$$00000030          0x0800018e   Section        0  libinit2.o(.ARM.Collect$$libinit$$00000030)
    .ARM.Collect$$libinit$$00000032          0x0800018e   Section        0  libinit2.o(.ARM.Collect$$libinit$$00000032)
    .ARM.Collect$$libinit$$00000034          0x0800018e   Section        0  libinit2.o(.ARM.Collect$$libinit$$00000034)
    .ARM.Collect$$libinit$$00000035          0x0800018e   Section        2  libinit2.o(.ARM.Collect$$libinit$$00000035)
    .ARM.Collect$$libshutdown$$00000000      0x08000190   Section        2  libshutdown.o(.ARM.Collect$$libshutdown$$00000000)
    .ARM.Collect$$libshutdown$$00000002      0x08000192   Section        0  libshutdown2.o(.ARM.Collect$$libshutdown$$00000002)
    .ARM.Collect$$libshutdown$$00000004      0x08000192   Section        0  libshutdown2.o(.ARM.Collect$$libshutdown$$00000004)
    .ARM.Collect$$libshutdown$$00000007      0x08000192   Section        0  libshutdown2.o(.ARM.Collect$$libshutdown$$00000007)
    .ARM.Collect$$libshutdown$$0000000A      0x08000192   Section        0  libshutdown2.o(.ARM.Collect$$libshutdown$$0000000A)
    .ARM.Collect$$libshutdown$$0000000C      0x08000192   Section        0  libshutdown2.o(.ARM.Collect$$libshutdown$$0000000C)
    .ARM.Collect$$libshutdown$$0000000F      0x08000192   Section        0  libshutdown2.o(.ARM.Collect$$libshutdown$$0000000F)
    .ARM.Collect$$libshutdown$$00000010      0x08000192   Section        2  libshutdown2.o(.ARM.Collect$$libshutdown$$00000010)
    .ARM.Collect$$rtentry$$00000000          0x08000194   Section        0  __rtentry.o(.ARM.Collect$$rtentry$$00000000)
    .ARM.Collect$$rtentry$$00000002          0x08000194   Section        0  __rtentry2.o(.ARM.Collect$$rtentry$$00000002)
    .ARM.Collect$$rtentry$$00000004          0x08000194   Section        6  __rtentry4.o(.ARM.Collect$$rtentry$$00000004)
    .ARM.Collect$$rtentry$$00000009          0x0800019a   Section        0  __rtentry2.o(.ARM.Collect$$rtentry$$00000009)
    .ARM.Collect$$rtentry$$0000000A          0x0800019a   Section        4  __rtentry2.o(.ARM.Collect$$rtentry$$0000000A)
    .ARM.Collect$$rtentry$$0000000C          0x0800019e   Section        0  __rtentry2.o(.ARM.Collect$$rtentry$$0000000C)
    .ARM.Collect$$rtentry$$0000000D          0x0800019e   Section        8  __rtentry2.o(.ARM.Collect$$rtentry$$0000000D)
    .ARM.Collect$$rtexit$$00000000           0x080001a6   Section        2  rtexit.o(.ARM.Collect$$rtexit$$00000000)
    .ARM.Collect$$rtexit$$00000002           0x080001a8   Section        0  rtexit2.o(.ARM.Collect$$rtexit$$00000002)
    .ARM.Collect$$rtexit$$00000003           0x080001a8   Section        4  rtexit2.o(.ARM.Collect$$rtexit$$00000003)
    .ARM.Collect$$rtexit$$00000004           0x080001ac   Section        6  rtexit2.o(.ARM.Collect$$rtexit$$00000004)
    .text                                    0x080001b4   Section       64  startup_stm32f103xb.o(.text)
    .text                                    0x080001f4   Section       78  rt_memclr_w.o(.text)
    .text                                    0x08000242   Section        0  heapauxi.o(.text)
    .text                                    0x08000248   Section       74  sys_stackheap_outer.o(.text)
    .text                                    0x08000292   Section        0  exit.o(.text)
    .text                                    0x080002a4   Section        8  libspace.o(.text)
    .text                                    0x080002ac   Section        0  sys_exit.o(.text)
    .text                                    0x080002b8   Section        2  use_no_semi.o(.text)
    .text                                    0x080002ba   Section        0  indicate_semi.o(.text)
    [Anonymous Symbol]                       0x080002bc   Section        0  stm32f1xx_it.o(.text.BusFault_Handler)
    [Anonymous Symbol]                       0x080002c0   Section        0  stm32f1xx_it.o(.text.DMA1_Channel5_IRQHandler)
    DMA_SetConfig                            0x080002d1   Thumb Code    80  stm32f1xx_hal_dma.o(.text.DMA_SetConfig)
    [Anonymous Symbol]                       0x080002d0   Section        0  stm32f1xx_hal_dma.o(.text.DMA_SetConfig)
    [Anonymous Symbol]                       0x08000320   Section        0  stm32f1xx_it.o(.text.DebugMon_Handler)
    [Anonymous Symbol]                       0x08000324   Section        0  main.o(.text.Error_Handler)
    FLASH_MassErase                          0x08000335   Thumb Code    44  stm32f1xx_hal_flash_ex.o(.text.FLASH_MassErase)
    [Anonymous Symbol]                       0x08000334   Section        0  stm32f1xx_hal_flash_ex.o(.text.FLASH_MassErase)
    [Anonymous Symbol]                       0x08000360   Section        0  stm32f1xx_hal_flash_ex.o(.text.FLASH_PageErase)
    FLASH_Program_HalfWord                   0x08000399   Thumb Code    48  stm32f1xx_hal_flash.o(.text.FLASH_Program_HalfWord)
    [Anonymous Symbol]                       0x08000398   Section        0  stm32f1xx_hal_flash.o(.text.FLASH_Program_HalfWord)
    FLASH_SetErrorCode                       0x080003c9   Thumb Code   270  stm32f1xx_hal_flash.o(.text.FLASH_SetErrorCode)
    [Anonymous Symbol]                       0x080003c8   Section        0  stm32f1xx_hal_flash.o(.text.FLASH_SetErrorCode)
    [Anonymous Symbol]                       0x080004d8   Section        0  stm32f1xx_hal_flash.o(.text.FLASH_WaitForLastOperation)
    [Anonymous Symbol]                       0x080005f0   Section        0  util_flash.o(.text.Flash_ReadFlash)
    [Anonymous Symbol]                       0x08000628   Section        0  util_flash.o(.text.Flash_WriteFlash)
    [Anonymous Symbol]                       0x08000688   Section        0  periph_pc.o(.text.Gimbal_DecodeGimbalData)
    [Anonymous Symbol]                       0x080009c0   Section        0  periph_pc.o(.text.Gimbal_Heartbeat)
    [Anonymous Symbol]                       0x080009f4   Section        0  periph_pc.o(.text.Gimbal_InitGimbal)
    [Anonymous Symbol]                       0x08000a94   Section        0  periph_pc.o(.text.Gimbal_InitTxData)
    [Anonymous Symbol]                       0x08000b18   Section        0  periph_pc.o(.text.Gimbal_OnlineNotice)
    [Anonymous Symbol]                       0x08000b6c   Section        0  periph_pc.o(.text.Gimbal_RxCallback)
    [Anonymous Symbol]                       0x08000bc4   Section        0  periph_pc.o(.text.Gimbal_SetGimbalAngle)
    [Anonymous Symbol]                       0x08000bf0   Section        0  periph_pc.o(.text.Gimbal_SetGimbalID)
    [Anonymous Symbol]                       0x08000c38   Section        0  periph_pc.o(.text.Gimbal_StartGimbal)
    [Anonymous Symbol]                       0x08000c70   Section        0  periph_pc.o(.text.Gimbal_Sum)
    [Anonymous Symbol]                       0x08000cb0   Section        0  periph_pc.o(.text.Gimbal_SumCheck)
    [Anonymous Symbol]                       0x08000d0c   Section        0  stm32f1xx_hal_dma.o(.text.HAL_DMA_Abort)
    [Anonymous Symbol]                       0x08000d88   Section        0  stm32f1xx_hal_dma.o(.text.HAL_DMA_Abort_IT)
    [Anonymous Symbol]                       0x08000ea4   Section        0  stm32f1xx_hal_dma.o(.text.HAL_DMA_IRQHandler)
    [Anonymous Symbol]                       0x0800112c   Section        0  stm32f1xx_hal_dma.o(.text.HAL_DMA_Init)
    [Anonymous Symbol]                       0x080011dc   Section        0  stm32f1xx_hal_dma.o(.text.HAL_DMA_Start)
    [Anonymous Symbol]                       0x08001278   Section        0  stm32f1xx_hal.o(.text.HAL_Delay)
    [Anonymous Symbol]                       0x080012bc   Section        0  stm32f1xx_hal_flash_ex.o(.text.HAL_FLASHEx_Erase)
    [Anonymous Symbol]                       0x080013c8   Section        0  stm32f1xx_hal_flash.o(.text.HAL_FLASH_Lock)
    [Anonymous Symbol]                       0x080013dc   Section        0  stm32f1xx_hal_flash.o(.text.HAL_FLASH_Program)
    [Anonymous Symbol]                       0x08001508   Section        0  stm32f1xx_hal_flash.o(.text.HAL_FLASH_Unlock)
    [Anonymous Symbol]                       0x08001564   Section        0  stm32f1xx_hal_gpio.o(.text.HAL_GPIO_Init)
    [Anonymous Symbol]                       0x08001884   Section        0  stm32f1xx_hal.o(.text.HAL_GetTick)
    [Anonymous Symbol]                       0x08001890   Section        0  stm32f1xx_hal.o(.text.HAL_IncTick)
    [Anonymous Symbol]                       0x080018ac   Section        0  stm32f1xx_hal.o(.text.HAL_Init)
    [Anonymous Symbol]                       0x080018d4   Section        0  stm32f1xx_hal.o(.text.HAL_InitTick)
    [Anonymous Symbol]                       0x08001944   Section        0  stm32f1xx_hal_msp.o(.text.HAL_MspInit)
    [Anonymous Symbol]                       0x080019a8   Section        0  stm32f1xx_hal_cortex.o(.text.HAL_NVIC_EnableIRQ)
    [Anonymous Symbol]                       0x080019bc   Section        0  stm32f1xx_hal_cortex.o(.text.HAL_NVIC_SetPriority)
    [Anonymous Symbol]                       0x080019f0   Section        0  stm32f1xx_hal_cortex.o(.text.HAL_NVIC_SetPriorityGrouping)
    [Anonymous Symbol]                       0x08001a00   Section        0  stm32f1xx_hal_rcc.o(.text.HAL_RCC_ClockConfig)
    [Anonymous Symbol]                       0x08001c58   Section        0  stm32f1xx_hal_rcc.o(.text.HAL_RCC_GetHCLKFreq)
    [Anonymous Symbol]                       0x08001c64   Section        0  stm32f1xx_hal_rcc.o(.text.HAL_RCC_GetPCLK1Freq)
    [Anonymous Symbol]                       0x08001c88   Section        0  stm32f1xx_hal_rcc.o(.text.HAL_RCC_GetPCLK2Freq)
    [Anonymous Symbol]                       0x08001cac   Section        0  stm32f1xx_hal_rcc.o(.text.HAL_RCC_GetSysClockFreq)
    [Anonymous Symbol]                       0x08001d68   Section        0  stm32f1xx_hal_rcc.o(.text.HAL_RCC_OscConfig)
    [Anonymous Symbol]                       0x080023e4   Section        0  stm32f1xx_hal_cortex.o(.text.HAL_SYSTICK_Config)
    [Anonymous Symbol]                       0x080023f4   Section        0  stm32f1xx_hal_tim_ex.o(.text.HAL_TIMEx_BreakCallback)
    [Anonymous Symbol]                       0x080023fc   Section        0  stm32f1xx_hal_tim_ex.o(.text.HAL_TIMEx_CommutCallback)
    [Anonymous Symbol]                       0x08002404   Section        0  stm32f1xx_hal_tim_ex.o(.text.HAL_TIMEx_MasterConfigSynchronization)
    [Anonymous Symbol]                       0x080024e0   Section        0  stm32f1xx_hal_tim.o(.text.HAL_TIM_IC_CaptureCallback)
    [Anonymous Symbol]                       0x080024e8   Section        0  stm32f1xx_hal_tim.o(.text.HAL_TIM_IRQHandler)
    [Anonymous Symbol]                       0x08002764   Section        0  tim.o(.text.HAL_TIM_MspPostInit)
    [Anonymous Symbol]                       0x080027bc   Section        0  stm32f1xx_hal_tim.o(.text.HAL_TIM_OC_DelayElapsedCallback)
    [Anonymous Symbol]                       0x080027c4   Section        0  stm32f1xx_hal_tim.o(.text.HAL_TIM_PWM_ConfigChannel)
    [Anonymous Symbol]                       0x08002908   Section        0  stm32f1xx_hal_tim.o(.text.HAL_TIM_PWM_Init)
    [Anonymous Symbol]                       0x080029a4   Section        0  tim.o(.text.HAL_TIM_PWM_MspInit)
    [Anonymous Symbol]                       0x080029ec   Section        0  stm32f1xx_hal_tim.o(.text.HAL_TIM_PWM_PulseFinishedCallback)
    [Anonymous Symbol]                       0x080029f4   Section        0  stm32f1xx_hal_tim.o(.text.HAL_TIM_PWM_Start)
    [Anonymous Symbol]                       0x08002b54   Section        0  stm32f1xx_hal_tim.o(.text.HAL_TIM_PWM_Stop)
    [Anonymous Symbol]                       0x08002c38   Section        0  stm32f1xx_hal_tim.o(.text.HAL_TIM_PeriodElapsedCallback)
    [Anonymous Symbol]                       0x08002c40   Section        0  stm32f1xx_hal_tim.o(.text.HAL_TIM_TriggerCallback)
    [Anonymous Symbol]                       0x08002c48   Section        0  stm32f1xx_hal_uart.o(.text.HAL_UARTEx_RxEventCallback)
    [Anonymous Symbol]                       0x08002c54   Section        0  stm32f1xx_hal_uart.o(.text.HAL_UART_ErrorCallback)
    [Anonymous Symbol]                       0x08002c5c   Section        0  stm32f1xx_hal_uart.o(.text.HAL_UART_IRQHandler)
    [Anonymous Symbol]                       0x08003088   Section        0  stm32f1xx_hal_uart.o(.text.HAL_UART_Init)
    [Anonymous Symbol]                       0x08003128   Section        0  usart.o(.text.HAL_UART_MspInit)
    [Anonymous Symbol]                       0x0800321c   Section        0  stm32f1xx_hal_uart.o(.text.HAL_UART_RxCpltCallback)
    [Anonymous Symbol]                       0x08003224   Section        0  stm32f1xx_hal_uart.o(.text.HAL_UART_Transmit_IT)
    [Anonymous Symbol]                       0x08003298   Section        0  stm32f1xx_hal_uart.o(.text.HAL_UART_TxCpltCallback)
    [Anonymous Symbol]                       0x080032a0   Section        0  stm32f1xx_it.o(.text.HardFault_Handler)
    [Anonymous Symbol]                       0x080032a4   Section        0  dma.o(.text.MX_DMA_Init)
    [Anonymous Symbol]                       0x080032dc   Section        0  gpio.o(.text.MX_GPIO_Init)
    [Anonymous Symbol]                       0x08003320   Section        0  tim.o(.text.MX_TIM2_Init)
    [Anonymous Symbol]                       0x080033d4   Section        0  usart.o(.text.MX_USART1_UART_Init)
    [Anonymous Symbol]                       0x08003414   Section        0  stm32f1xx_it.o(.text.MemManage_Handler)
    [Anonymous Symbol]                       0x08003418   Section        0  stm32f1xx_it.o(.text.NMI_Handler)
    NVIC_EncodePriority                      0x0800341d   Thumb Code   108  stm32f1xx_hal_cortex.o(.text.NVIC_EncodePriority)
    [Anonymous Symbol]                       0x0800341c   Section        0  stm32f1xx_hal_cortex.o(.text.NVIC_EncodePriority)
    [Anonymous Symbol]                       0x08003488   Section        0  util_pwm.o(.text.PWM_InitPWM)
    [Anonymous Symbol]                       0x080034d8   Section        0  util_pwm.o(.text.PWM_SetPWMDuty)
    [Anonymous Symbol]                       0x0800354c   Section        0  util_pwm.o(.text.PWM_SetPWMFreq)
    [Anonymous Symbol]                       0x080035d0   Section        0  util_pwm.o(.text.PWM_StartPWM)
    [Anonymous Symbol]                       0x080035f8   Section        0  util_pwm.o(.text.PWM_StopPWM)
    [Anonymous Symbol]                       0x08003624   Section        0  stm32f1xx_it.o(.text.PendSV_Handler)
    RCC_Delay                                0x08003629   Thumb Code    58  stm32f1xx_hal_rcc.o(.text.RCC_Delay)
    [Anonymous Symbol]                       0x08003628   Section        0  stm32f1xx_hal_rcc.o(.text.RCC_Delay)
    [Anonymous Symbol]                       0x08003664   Section        0  stm32f1xx_it.o(.text.SVC_Handler)
    [Anonymous Symbol]                       0x08003668   Section        0  periph_servo.o(.text.Servo_GetServoAngle)
    [Anonymous Symbol]                       0x08003674   Section        0  periph_servo.o(.text.Servo_InitServo)
    [Anonymous Symbol]                       0x080036b0   Section        0  periph_servo.o(.text.Servo_SetServoAngle)
    [Anonymous Symbol]                       0x080036f8   Section        0  periph_servo.o(.text.Servo_StartServo)
    SysTick_Config                           0x0800371d   Thumb Code    82  stm32f1xx_hal_cortex.o(.text.SysTick_Config)
    [Anonymous Symbol]                       0x0800371c   Section        0  stm32f1xx_hal_cortex.o(.text.SysTick_Config)
    [Anonymous Symbol]                       0x08003770   Section        0  stm32f1xx_it.o(.text.SysTick_Handler)
    [Anonymous Symbol]                       0x08003778   Section        0  main.o(.text.SystemClock_Config)
    [Anonymous Symbol]                       0x080037e4   Section        0  system_stm32f1xx.o(.text.SystemInit)
    [Anonymous Symbol]                       0x080037e8   Section        0  stm32f1xx_it.o(.text.TIM2_IRQHandler)
    [Anonymous Symbol]                       0x080037f8   Section        0  stm32f1xx_hal_tim.o(.text.TIM_Base_SetConfig)
    [Anonymous Symbol]                       0x080038e8   Section        0  stm32f1xx_hal_tim.o(.text.TIM_CCxChannelCmd)
    TIM_OC1_SetConfig                        0x08003921   Thumb Code   206  stm32f1xx_hal_tim.o(.text.TIM_OC1_SetConfig)
    [Anonymous Symbol]                       0x08003920   Section        0  stm32f1xx_hal_tim.o(.text.TIM_OC1_SetConfig)
    [Anonymous Symbol]                       0x080039f0   Section        0  stm32f1xx_hal_tim.o(.text.TIM_OC2_SetConfig)
    TIM_OC3_SetConfig                        0x08003ac9   Thumb Code   214  stm32f1xx_hal_tim.o(.text.TIM_OC3_SetConfig)
    [Anonymous Symbol]                       0x08003ac8   Section        0  stm32f1xx_hal_tim.o(.text.TIM_OC3_SetConfig)
    TIM_OC4_SetConfig                        0x08003ba1   Thumb Code   150  stm32f1xx_hal_tim.o(.text.TIM_OC4_SetConfig)
    [Anonymous Symbol]                       0x08003ba0   Section        0  stm32f1xx_hal_tim.o(.text.TIM_OC4_SetConfig)
    UART_DMAAbortOnError                     0x08003c39   Thumb Code    32  stm32f1xx_hal_uart.o(.text.UART_DMAAbortOnError)
    [Anonymous Symbol]                       0x08003c38   Section        0  stm32f1xx_hal_uart.o(.text.UART_DMAAbortOnError)
    UART_EndRxTransfer                       0x08003c59   Thumb Code   148  stm32f1xx_hal_uart.o(.text.UART_EndRxTransfer)
    [Anonymous Symbol]                       0x08003c58   Section        0  stm32f1xx_hal_uart.o(.text.UART_EndRxTransfer)
    UART_EndTransmit_IT                      0x08003ced   Thumb Code    38  stm32f1xx_hal_uart.o(.text.UART_EndTransmit_IT)
    [Anonymous Symbol]                       0x08003cec   Section        0  stm32f1xx_hal_uart.o(.text.UART_EndTransmit_IT)
    UART_Receive_IT                          0x08003d15   Thumb Code   362  stm32f1xx_hal_uart.o(.text.UART_Receive_IT)
    [Anonymous Symbol]                       0x08003d14   Section        0  stm32f1xx_hal_uart.o(.text.UART_Receive_IT)
    UART_SetConfig                           0x08003e81   Thumb Code   186  stm32f1xx_hal_uart.o(.text.UART_SetConfig)
    [Anonymous Symbol]                       0x08003e80   Section        0  stm32f1xx_hal_uart.o(.text.UART_SetConfig)
    UART_Transmit_IT                         0x08003f3d   Thumb Code   148  stm32f1xx_hal_uart.o(.text.UART_Transmit_IT)
    [Anonymous Symbol]                       0x08003f3c   Section        0  stm32f1xx_hal_uart.o(.text.UART_Transmit_IT)
    [Anonymous Symbol]                       0x08003fd0   Section        0  stm32f1xx_it.o(.text.USART1_IRQHandler)
    [Anonymous Symbol]                       0x08003fec   Section        0  util_uart.o(.text.Uart_DMACurrentDataCounter)
    [Anonymous Symbol]                       0x08003ffc   Section        0  util_uart.o(.text.Uart_InitUartDMA)
    [Anonymous Symbol]                       0x0800402c   Section        0  util_uart.o(.text.Uart_ReceiveDMA)
    [Anonymous Symbol]                       0x080040a4   Section        0  util_uart.o(.text.Uart_ReceiveHandler)
    [Anonymous Symbol]                       0x080040ec   Section        0  util_uart.o(.text.Uart_RxIdleCallback)
    [Anonymous Symbol]                       0x08004110   Section        0  stm32f1xx_it.o(.text.UsageFault_Handler)
    __NVIC_EnableIRQ                         0x08004115   Thumb Code    48  stm32f1xx_hal_cortex.o(.text.__NVIC_EnableIRQ)
    [Anonymous Symbol]                       0x08004114   Section        0  stm32f1xx_hal_cortex.o(.text.__NVIC_EnableIRQ)
    __NVIC_GetPriorityGrouping               0x08004145   Thumb Code    16  stm32f1xx_hal_cortex.o(.text.__NVIC_GetPriorityGrouping)
    [Anonymous Symbol]                       0x08004144   Section        0  stm32f1xx_hal_cortex.o(.text.__NVIC_GetPriorityGrouping)
    __NVIC_SetPriority                       0x08004155   Thumb Code    66  stm32f1xx_hal_cortex.o(.text.__NVIC_SetPriority)
    [Anonymous Symbol]                       0x08004154   Section        0  stm32f1xx_hal_cortex.o(.text.__NVIC_SetPriority)
    __NVIC_SetPriorityGrouping               0x08004199   Thumb Code    60  stm32f1xx_hal_cortex.o(.text.__NVIC_SetPriorityGrouping)
    [Anonymous Symbol]                       0x08004198   Section        0  stm32f1xx_hal_cortex.o(.text.__NVIC_SetPriorityGrouping)
    [Anonymous Symbol]                       0x080041d4   Section        0  lib_buff.o(.text.buff2float)
    [Anonymous Symbol]                       0x080041e4   Section        0  lib_buff.o(.text.float2buff)
    [Anonymous Symbol]                       0x080041f8   Section        0  main.o(.text.main)
    x$fpl$fadd                               0x0800424c   Section      196  faddsub_clz.o(x$fpl$fadd)
    _fadd1                                   0x0800425b   Thumb Code     0  faddsub_clz.o(x$fpl$fadd)
    x$fpl$fcmp                               0x08004310   Section       84  fcmp.o(x$fpl$fcmp)
    x$fpl$fcmpinf                            0x08004364   Section       24  fcmpi.o(x$fpl$fcmpinf)
    _fdiv1                                   0x0800437d   Thumb Code     0  fdiv.o(x$fpl$fdiv)
    x$fpl$fdiv                               0x0800437c   Section      388  fdiv.o(x$fpl$fdiv)
    x$fpl$feqf                               0x08004500   Section      104  feqf.o(x$fpl$feqf)
    x$fpl$ffixu                              0x08004568   Section       62  ffixu.o(x$fpl$ffixu)
    x$fpl$ffltu                              0x080045a8   Section       38  fflt_clz.o(x$fpl$ffltu)
    x$fpl$fgeqf                              0x080045d0   Section      104  fgeqf.o(x$fpl$fgeqf)
    x$fpl$fleqf                              0x08004638   Section      104  fleqf.o(x$fpl$fleqf)
    x$fpl$fmul                               0x080046a0   Section      258  fmul.o(x$fpl$fmul)
    x$fpl$fnaninf                            0x080047a2   Section      140  fnaninf.o(x$fpl$fnaninf)
    x$fpl$fretinf                            0x0800482e   Section       10  fretinf.o(x$fpl$fretinf)
    x$fpl$fsub                               0x08004838   Section      234  faddsub_clz.o(x$fpl$fsub)
    _fsub1                                   0x08004847   Thumb Code     0  faddsub_clz.o(x$fpl$fsub)
    x$fpl$usenofp                            0x08004922   Section        0  usenofp.o(x$fpl$usenofp)
    HAL_RCC_GetSysClockFreq.aPLLMULFactorTable 0x0800493a   Data          16  stm32f1xx_hal_rcc.o(.rodata.HAL_RCC_GetSysClockFreq.aPLLMULFactorTable)
    [Anonymous Symbol]                       0x0800493a   Section        0  stm32f1xx_hal_rcc.o(.rodata.HAL_RCC_GetSysClockFreq.aPLLMULFactorTable)
    HAL_RCC_GetSysClockFreq.aPredivFactorTable 0x0800494a   Data           2  stm32f1xx_hal_rcc.o(.rodata.HAL_RCC_GetSysClockFreq.aPredivFactorTable)
    [Anonymous Symbol]                       0x0800494a   Section        0  stm32f1xx_hal_rcc.o(.rodata.HAL_RCC_GetSysClockFreq.aPredivFactorTable)
    .bss                                     0x20000020   Section       96  libspace.o(.bss)
    Heap_Mem                                 0x20000250   Data         512  startup_stm32f103xb.o(HEAP)
    HEAP                                     0x20000250   Section      512  startup_stm32f103xb.o(HEAP)
    Stack_Mem                                0x20000450   Data        1024  startup_stm32f103xb.o(STACK)
    STACK                                    0x20000450   Section     1024  startup_stm32f103xb.o(STACK)
    __initial_sp                             0x20000850   Data           0  startup_stm32f103xb.o(STACK)

    Global Symbols

    Symbol Name                              Value     Ov Type        Size  Object(Section)

    BuildAttributes$$THM_ISAv4$P$D$K$B$S$PE$A:L22UL41UL21$X:L11$S22US41US21$IEEE1$IW$~IW$USESV6$~STKCKD$USESV7$~SHL$OSPACE$ROPI$EBA8$UX$STANDARDLIB$REQ8$PRES8$EABIv2 0x00000000   Number         0  anon$$obj.o ABSOLUTE
    __fp_init_empty                          0x00000000   Number         0  fpinit_empty.o ABSOLUTE
    __ARM_exceptions_init                     - Undefined Weak Reference
    __alloca_initialize                       - Undefined Weak Reference
    __arm_preinit_                            - Undefined Weak Reference
    __arm_relocate_pie_                       - Undefined Weak Reference
    __cpp_initialize__aeabi_                  - Undefined Weak Reference
    __cxa_finalize                            - Undefined Weak Reference
    __rt_locale                               - Undefined Weak Reference
    __sigvec_lookup                           - Undefined Weak Reference
    _atexit_init                              - Undefined Weak Reference
    _call_atexit_fns                          - Undefined Weak Reference
    _clock_init                               - Undefined Weak Reference
    _fp_trap_init                             - Undefined Weak Reference
    _fp_trap_shutdown                         - Undefined Weak Reference
    _get_lc_collate                           - Undefined Weak Reference
    _get_lc_ctype                             - Undefined Weak Reference
    _get_lc_monetary                          - Undefined Weak Reference
    _get_lc_numeric                           - Undefined Weak Reference
    _get_lc_time                              - Undefined Weak Reference
    _getenv_init                              - Undefined Weak Reference
    _handle_redirection                       - Undefined Weak Reference
    _init_alloc                               - Undefined Weak Reference
    _init_user_alloc                          - Undefined Weak Reference
    _initio                                   - Undefined Weak Reference
    _rand_init                                - Undefined Weak Reference
    _signal_finish                            - Undefined Weak Reference
    _signal_init                              - Undefined Weak Reference
    _terminate_alloc                          - Undefined Weak Reference
    _terminate_user_alloc                     - Undefined Weak Reference
    _terminateio                              - Undefined Weak Reference
    __Vectors_Size                           0x000000ec   Number         0  startup_stm32f103xb.o ABSOLUTE
    __Vectors                                0x08000000   Data           4  startup_stm32f103xb.o(RESET)
    __Vectors_End                            0x080000ec   Data           0  startup_stm32f103xb.o(RESET)
    __main                                   0x080000ed   Thumb Code     8  __main.o(!!!main)
    __scatterload                            0x080000f5   Thumb Code     0  __scatter.o(!!!scatter)
    __scatterload_rt2                        0x080000f5   Thumb Code    84  __scatter.o(!!!scatter)
    __scatterload_rt2_thumb_only             0x080000f5   Thumb Code     0  __scatter.o(!!!scatter)
    __scatterload_loop                       0x080000ff   Thumb Code     0  __scatter.o(!!!scatter)
    __scatterload_copy                       0x08000151   Thumb Code    26  __scatter_copy.o(!!handler_copy)
    __scatterload_null                       0x0800016d   Thumb Code     2  __scatter.o(!!handler_null)
    __scatterload_zeroinit                   0x08000171   Thumb Code    28  __scatter_zi.o(!!handler_zi)
    __rt_lib_init                            0x0800018d   Thumb Code     0  libinit.o(.ARM.Collect$$libinit$$00000000)
    __rt_lib_init_alloca_1                   0x0800018f   Thumb Code     0  libinit2.o(.ARM.Collect$$libinit$$00000030)
    __rt_lib_init_argv_1                     0x0800018f   Thumb Code     0  libinit2.o(.ARM.Collect$$libinit$$0000002E)
    __rt_lib_init_atexit_1                   0x0800018f   Thumb Code     0  libinit2.o(.ARM.Collect$$libinit$$0000001D)
    __rt_lib_init_clock_1                    0x0800018f   Thumb Code     0  libinit2.o(.ARM.Collect$$libinit$$00000023)
    __rt_lib_init_cpp_1                      0x0800018f   Thumb Code     0  libinit2.o(.ARM.Collect$$libinit$$00000034)
    __rt_lib_init_exceptions_1               0x0800018f   Thumb Code     0  libinit2.o(.ARM.Collect$$libinit$$00000032)
    __rt_lib_init_fp_1                       0x0800018f   Thumb Code     0  libinit2.o(.ARM.Collect$$libinit$$00000002)
    __rt_lib_init_fp_trap_1                  0x0800018f   Thumb Code     0  libinit2.o(.ARM.Collect$$libinit$$00000021)
    __rt_lib_init_getenv_1                   0x0800018f   Thumb Code     0  libinit2.o(.ARM.Collect$$libinit$$00000025)
    __rt_lib_init_heap_1                     0x0800018f   Thumb Code     0  libinit2.o(.ARM.Collect$$libinit$$0000000C)
    __rt_lib_init_lc_collate_1               0x0800018f   Thumb Code     0  libinit2.o(.ARM.Collect$$libinit$$00000013)
    __rt_lib_init_lc_ctype_1                 0x0800018f   Thumb Code     0  libinit2.o(.ARM.Collect$$libinit$$00000015)
    __rt_lib_init_lc_monetary_1              0x0800018f   Thumb Code     0  libinit2.o(.ARM.Collect$$libinit$$00000017)
    __rt_lib_init_lc_numeric_1               0x0800018f   Thumb Code     0  libinit2.o(.ARM.Collect$$libinit$$00000019)
    __rt_lib_init_lc_time_1                  0x0800018f   Thumb Code     0  libinit2.o(.ARM.Collect$$libinit$$0000001B)
    __rt_lib_init_preinit_1                  0x0800018f   Thumb Code     0  libinit2.o(.ARM.Collect$$libinit$$00000006)
    __rt_lib_init_rand_1                     0x0800018f   Thumb Code     0  libinit2.o(.ARM.Collect$$libinit$$00000010)
    __rt_lib_init_relocate_pie_1             0x0800018f   Thumb Code     0  libinit2.o(.ARM.Collect$$libinit$$00000004)
    __rt_lib_init_return                     0x0800018f   Thumb Code     0  libinit2.o(.ARM.Collect$$libinit$$00000035)
    __rt_lib_init_signal_1                   0x0800018f   Thumb Code     0  libinit2.o(.ARM.Collect$$libinit$$0000001F)
    __rt_lib_init_stdio_1                    0x0800018f   Thumb Code     0  libinit2.o(.ARM.Collect$$libinit$$00000027)
    __rt_lib_init_user_alloc_1               0x0800018f   Thumb Code     0  libinit2.o(.ARM.Collect$$libinit$$0000000E)
    __rt_lib_shutdown                        0x08000191   Thumb Code     0  libshutdown.o(.ARM.Collect$$libshutdown$$00000000)
    __rt_lib_shutdown_cpp_1                  0x08000193   Thumb Code     0  libshutdown2.o(.ARM.Collect$$libshutdown$$00000002)
    __rt_lib_shutdown_fp_trap_1              0x08000193   Thumb Code     0  libshutdown2.o(.ARM.Collect$$libshutdown$$00000007)
    __rt_lib_shutdown_heap_1                 0x08000193   Thumb Code     0  libshutdown2.o(.ARM.Collect$$libshutdown$$0000000F)
    __rt_lib_shutdown_return                 0x08000193   Thumb Code     0  libshutdown2.o(.ARM.Collect$$libshutdown$$00000010)
    __rt_lib_shutdown_signal_1               0x08000193   Thumb Code     0  libshutdown2.o(.ARM.Collect$$libshutdown$$0000000A)
    __rt_lib_shutdown_stdio_1                0x08000193   Thumb Code     0  libshutdown2.o(.ARM.Collect$$libshutdown$$00000004)
    __rt_lib_shutdown_user_alloc_1           0x08000193   Thumb Code     0  libshutdown2.o(.ARM.Collect$$libshutdown$$0000000C)
    __rt_entry                               0x08000195   Thumb Code     0  __rtentry.o(.ARM.Collect$$rtentry$$00000000)
    __rt_entry_presh_1                       0x08000195   Thumb Code     0  __rtentry2.o(.ARM.Collect$$rtentry$$00000002)
    __rt_entry_sh                            0x08000195   Thumb Code     0  __rtentry4.o(.ARM.Collect$$rtentry$$00000004)
    __rt_entry_li                            0x0800019b   Thumb Code     0  __rtentry2.o(.ARM.Collect$$rtentry$$0000000A)
    __rt_entry_postsh_1                      0x0800019b   Thumb Code     0  __rtentry2.o(.ARM.Collect$$rtentry$$00000009)
    __rt_entry_main                          0x0800019f   Thumb Code     0  __rtentry2.o(.ARM.Collect$$rtentry$$0000000D)
    __rt_entry_postli_1                      0x0800019f   Thumb Code     0  __rtentry2.o(.ARM.Collect$$rtentry$$0000000C)
    __rt_exit                                0x080001a7   Thumb Code     0  rtexit.o(.ARM.Collect$$rtexit$$00000000)
    __rt_exit_ls                             0x080001a9   Thumb Code     0  rtexit2.o(.ARM.Collect$$rtexit$$00000003)
    __rt_exit_prels_1                        0x080001a9   Thumb Code     0  rtexit2.o(.ARM.Collect$$rtexit$$00000002)
    __rt_exit_exit                           0x080001ad   Thumb Code     0  rtexit2.o(.ARM.Collect$$rtexit$$00000004)
    Reset_Handler                            0x080001b5   Thumb Code     8  startup_stm32f103xb.o(.text)
    ADC1_2_IRQHandler                        0x080001cf   Thumb Code     0  startup_stm32f103xb.o(.text)
    CAN1_RX1_IRQHandler                      0x080001cf   Thumb Code     0  startup_stm32f103xb.o(.text)
    CAN1_SCE_IRQHandler                      0x080001cf   Thumb Code     0  startup_stm32f103xb.o(.text)
    DMA1_Channel1_IRQHandler                 0x080001cf   Thumb Code     0  startup_stm32f103xb.o(.text)
    DMA1_Channel2_IRQHandler                 0x080001cf   Thumb Code     0  startup_stm32f103xb.o(.text)
    DMA1_Channel3_IRQHandler                 0x080001cf   Thumb Code     0  startup_stm32f103xb.o(.text)
    DMA1_Channel4_IRQHandler                 0x080001cf   Thumb Code     0  startup_stm32f103xb.o(.text)
    DMA1_Channel6_IRQHandler                 0x080001cf   Thumb Code     0  startup_stm32f103xb.o(.text)
    DMA1_Channel7_IRQHandler                 0x080001cf   Thumb Code     0  startup_stm32f103xb.o(.text)
    EXTI0_IRQHandler                         0x080001cf   Thumb Code     0  startup_stm32f103xb.o(.text)
    EXTI15_10_IRQHandler                     0x080001cf   Thumb Code     0  startup_stm32f103xb.o(.text)
    EXTI1_IRQHandler                         0x080001cf   Thumb Code     0  startup_stm32f103xb.o(.text)
    EXTI2_IRQHandler                         0x080001cf   Thumb Code     0  startup_stm32f103xb.o(.text)
    EXTI3_IRQHandler                         0x080001cf   Thumb Code     0  startup_stm32f103xb.o(.text)
    EXTI4_IRQHandler                         0x080001cf   Thumb Code     0  startup_stm32f103xb.o(.text)
    EXTI9_5_IRQHandler                       0x080001cf   Thumb Code     0  startup_stm32f103xb.o(.text)
    FLASH_IRQHandler                         0x080001cf   Thumb Code     0  startup_stm32f103xb.o(.text)
    I2C1_ER_IRQHandler                       0x080001cf   Thumb Code     0  startup_stm32f103xb.o(.text)
    I2C1_EV_IRQHandler                       0x080001cf   Thumb Code     0  startup_stm32f103xb.o(.text)
    I2C2_ER_IRQHandler                       0x080001cf   Thumb Code     0  startup_stm32f103xb.o(.text)
    I2C2_EV_IRQHandler                       0x080001cf   Thumb Code     0  startup_stm32f103xb.o(.text)
    PVD_IRQHandler                           0x080001cf   Thumb Code     0  startup_stm32f103xb.o(.text)
    RCC_IRQHandler                           0x080001cf   Thumb Code     0  startup_stm32f103xb.o(.text)
    RTC_Alarm_IRQHandler                     0x080001cf   Thumb Code     0  startup_stm32f103xb.o(.text)
    RTC_IRQHandler                           0x080001cf   Thumb Code     0  startup_stm32f103xb.o(.text)
    SPI1_IRQHandler                          0x080001cf   Thumb Code     0  startup_stm32f103xb.o(.text)
    SPI2_IRQHandler                          0x080001cf   Thumb Code     0  startup_stm32f103xb.o(.text)
    TAMPER_IRQHandler                        0x080001cf   Thumb Code     0  startup_stm32f103xb.o(.text)
    TIM1_BRK_IRQHandler                      0x080001cf   Thumb Code     0  startup_stm32f103xb.o(.text)
    TIM1_CC_IRQHandler                       0x080001cf   Thumb Code     0  startup_stm32f103xb.o(.text)
    TIM1_TRG_COM_IRQHandler                  0x080001cf   Thumb Code     0  startup_stm32f103xb.o(.text)
    TIM1_UP_IRQHandler                       0x080001cf   Thumb Code     0  startup_stm32f103xb.o(.text)
    TIM3_IRQHandler                          0x080001cf   Thumb Code     0  startup_stm32f103xb.o(.text)
    TIM4_IRQHandler                          0x080001cf   Thumb Code     0  startup_stm32f103xb.o(.text)
    USART2_IRQHandler                        0x080001cf   Thumb Code     0  startup_stm32f103xb.o(.text)
    USART3_IRQHandler                        0x080001cf   Thumb Code     0  startup_stm32f103xb.o(.text)
    USBWakeUp_IRQHandler                     0x080001cf   Thumb Code     0  startup_stm32f103xb.o(.text)
    USB_HP_CAN1_TX_IRQHandler                0x080001cf   Thumb Code     0  startup_stm32f103xb.o(.text)
    USB_LP_CAN1_RX0_IRQHandler               0x080001cf   Thumb Code     0  startup_stm32f103xb.o(.text)
    WWDG_IRQHandler                          0x080001cf   Thumb Code     0  startup_stm32f103xb.o(.text)
    __user_initial_stackheap                 0x080001d1   Thumb Code     0  startup_stm32f103xb.o(.text)
    __aeabi_memclr4                          0x080001f5   Thumb Code     0  rt_memclr_w.o(.text)
    __aeabi_memclr8                          0x080001f5   Thumb Code     0  rt_memclr_w.o(.text)
    __rt_memclr_w                            0x080001f5   Thumb Code     0  rt_memclr_w.o(.text)
    _memset_w                                0x080001f9   Thumb Code    74  rt_memclr_w.o(.text)
    __use_two_region_memory                  0x08000243   Thumb Code     2  heapauxi.o(.text)
    __rt_heap_escrow$2region                 0x08000245   Thumb Code     2  heapauxi.o(.text)
    __rt_heap_expand$2region                 0x08000247   Thumb Code     2  heapauxi.o(.text)
    __user_setup_stackheap                   0x08000249   Thumb Code    74  sys_stackheap_outer.o(.text)
    exit                                     0x08000293   Thumb Code    18  exit.o(.text)
    __user_libspace                          0x080002a5   Thumb Code     8  libspace.o(.text)
    __user_perproc_libspace                  0x080002a5   Thumb Code     0  libspace.o(.text)
    __user_perthread_libspace                0x080002a5   Thumb Code     0  libspace.o(.text)
    _sys_exit                                0x080002ad   Thumb Code     8  sys_exit.o(.text)
    __I$use$semihosting                      0x080002b9   Thumb Code     0  use_no_semi.o(.text)
    __use_no_semihosting_swi                 0x080002b9   Thumb Code     2  use_no_semi.o(.text)
    __semihosting_library_function           0x080002bb   Thumb Code     0  indicate_semi.o(.text)
    BusFault_Handler                         0x080002bd   Thumb Code     4  stm32f1xx_it.o(.text.BusFault_Handler)
    DMA1_Channel5_IRQHandler                 0x080002c1   Thumb Code    16  stm32f1xx_it.o(.text.DMA1_Channel5_IRQHandler)
    DebugMon_Handler                         0x08000321   Thumb Code     2  stm32f1xx_it.o(.text.DebugMon_Handler)
    Error_Handler                            0x08000325   Thumb Code    14  main.o(.text.Error_Handler)
    FLASH_PageErase                          0x08000361   Thumb Code    56  stm32f1xx_hal_flash_ex.o(.text.FLASH_PageErase)
    FLASH_WaitForLastOperation               0x080004d9   Thumb Code   280  stm32f1xx_hal_flash.o(.text.FLASH_WaitForLastOperation)
    Flash_ReadFlash                          0x080005f1   Thumb Code    54  util_flash.o(.text.Flash_ReadFlash)
    Flash_WriteFlash                         0x08000629   Thumb Code    94  util_flash.o(.text.Flash_WriteFlash)
    Gimbal_DecodeGimbalData                  0x08000689   Thumb Code   824  periph_pc.o(.text.Gimbal_DecodeGimbalData)
    Gimbal_Heartbeat                         0x080009c1   Thumb Code    52  periph_pc.o(.text.Gimbal_Heartbeat)
    Gimbal_InitGimbal                        0x080009f5   Thumb Code   158  periph_pc.o(.text.Gimbal_InitGimbal)
    Gimbal_InitTxData                        0x08000a95   Thumb Code   130  periph_pc.o(.text.Gimbal_InitTxData)
    Gimbal_OnlineNotice                      0x08000b19   Thumb Code    84  periph_pc.o(.text.Gimbal_OnlineNotice)
    Gimbal_RxCallback                        0x08000b6d   Thumb Code    86  periph_pc.o(.text.Gimbal_RxCallback)
    Gimbal_SetGimbalAngle                    0x08000bc5   Thumb Code    42  periph_pc.o(.text.Gimbal_SetGimbalAngle)
    Gimbal_SetGimbalID                       0x08000bf1   Thumb Code    70  periph_pc.o(.text.Gimbal_SetGimbalID)
    Gimbal_StartGimbal                       0x08000c39   Thumb Code    54  periph_pc.o(.text.Gimbal_StartGimbal)
    Gimbal_Sum                               0x08000c71   Thumb Code    62  periph_pc.o(.text.Gimbal_Sum)
    Gimbal_SumCheck                          0x08000cb1   Thumb Code    92  periph_pc.o(.text.Gimbal_SumCheck)
    HAL_DMA_Abort                            0x08000d0d   Thumb Code   124  stm32f1xx_hal_dma.o(.text.HAL_DMA_Abort)
    HAL_DMA_Abort_IT                         0x08000d89   Thumb Code   284  stm32f1xx_hal_dma.o(.text.HAL_DMA_Abort_IT)
    HAL_DMA_IRQHandler                       0x08000ea5   Thumb Code   646  stm32f1xx_hal_dma.o(.text.HAL_DMA_IRQHandler)
    HAL_DMA_Init                             0x0800112d   Thumb Code   174  stm32f1xx_hal_dma.o(.text.HAL_DMA_Init)
    HAL_DMA_Start                            0x080011dd   Thumb Code   154  stm32f1xx_hal_dma.o(.text.HAL_DMA_Start)
    HAL_Delay                                0x08001279   Thumb Code    66  stm32f1xx_hal.o(.text.HAL_Delay)
    HAL_FLASHEx_Erase                        0x080012bd   Thumb Code   266  stm32f1xx_hal_flash_ex.o(.text.HAL_FLASHEx_Erase)
    HAL_FLASH_Lock                           0x080013c9   Thumb Code    20  stm32f1xx_hal_flash.o(.text.HAL_FLASH_Lock)
    HAL_FLASH_Program                        0x080013dd   Thumb Code   300  stm32f1xx_hal_flash.o(.text.HAL_FLASH_Program)
    HAL_FLASH_Unlock                         0x08001509   Thumb Code    90  stm32f1xx_hal_flash.o(.text.HAL_FLASH_Unlock)
    HAL_GPIO_Init                            0x08001565   Thumb Code   798  stm32f1xx_hal_gpio.o(.text.HAL_GPIO_Init)
    HAL_GetTick                              0x08001885   Thumb Code    12  stm32f1xx_hal.o(.text.HAL_GetTick)
    HAL_IncTick                              0x08001891   Thumb Code    26  stm32f1xx_hal.o(.text.HAL_IncTick)
    HAL_Init                                 0x080018ad   Thumb Code    38  stm32f1xx_hal.o(.text.HAL_Init)
    HAL_InitTick                             0x080018d5   Thumb Code   112  stm32f1xx_hal.o(.text.HAL_InitTick)
    HAL_MspInit                              0x08001945   Thumb Code   100  stm32f1xx_hal_msp.o(.text.HAL_MspInit)
    HAL_NVIC_EnableIRQ                       0x080019a9   Thumb Code    20  stm32f1xx_hal_cortex.o(.text.HAL_NVIC_EnableIRQ)
    HAL_NVIC_SetPriority                     0x080019bd   Thumb Code    50  stm32f1xx_hal_cortex.o(.text.HAL_NVIC_SetPriority)
    HAL_NVIC_SetPriorityGrouping             0x080019f1   Thumb Code    16  stm32f1xx_hal_cortex.o(.text.HAL_NVIC_SetPriorityGrouping)
    HAL_RCC_ClockConfig                      0x08001a01   Thumb Code   598  stm32f1xx_hal_rcc.o(.text.HAL_RCC_ClockConfig)
    HAL_RCC_GetHCLKFreq                      0x08001c59   Thumb Code    12  stm32f1xx_hal_rcc.o(.text.HAL_RCC_GetHCLKFreq)
    HAL_RCC_GetPCLK1Freq                     0x08001c65   Thumb Code    34  stm32f1xx_hal_rcc.o(.text.HAL_RCC_GetPCLK1Freq)
    HAL_RCC_GetPCLK2Freq                     0x08001c89   Thumb Code    34  stm32f1xx_hal_rcc.o(.text.HAL_RCC_GetPCLK2Freq)
    HAL_RCC_GetSysClockFreq                  0x08001cad   Thumb Code   188  stm32f1xx_hal_rcc.o(.text.HAL_RCC_GetSysClockFreq)
    HAL_RCC_OscConfig                        0x08001d69   Thumb Code  1658  stm32f1xx_hal_rcc.o(.text.HAL_RCC_OscConfig)
    HAL_SYSTICK_Config                       0x080023e5   Thumb Code    16  stm32f1xx_hal_cortex.o(.text.HAL_SYSTICK_Config)
    HAL_TIMEx_BreakCallback                  0x080023f5   Thumb Code     8  stm32f1xx_hal_tim_ex.o(.text.HAL_TIMEx_BreakCallback)
    HAL_TIMEx_CommutCallback                 0x080023fd   Thumb Code     8  stm32f1xx_hal_tim_ex.o(.text.HAL_TIMEx_CommutCallback)
    HAL_TIMEx_MasterConfigSynchronization    0x08002405   Thumb Code   220  stm32f1xx_hal_tim_ex.o(.text.HAL_TIMEx_MasterConfigSynchronization)
    HAL_TIM_IC_CaptureCallback               0x080024e1   Thumb Code     8  stm32f1xx_hal_tim.o(.text.HAL_TIM_IC_CaptureCallback)
    HAL_TIM_IRQHandler                       0x080024e9   Thumb Code   634  stm32f1xx_hal_tim.o(.text.HAL_TIM_IRQHandler)
    HAL_TIM_MspPostInit                      0x08002765   Thumb Code    88  tim.o(.text.HAL_TIM_MspPostInit)
    HAL_TIM_OC_DelayElapsedCallback          0x080027bd   Thumb Code     8  stm32f1xx_hal_tim.o(.text.HAL_TIM_OC_DelayElapsedCallback)
    HAL_TIM_PWM_ConfigChannel                0x080027c5   Thumb Code   322  stm32f1xx_hal_tim.o(.text.HAL_TIM_PWM_ConfigChannel)
    HAL_TIM_PWM_Init                         0x08002909   Thumb Code   156  stm32f1xx_hal_tim.o(.text.HAL_TIM_PWM_Init)
    HAL_TIM_PWM_MspInit                      0x080029a5   Thumb Code    72  tim.o(.text.HAL_TIM_PWM_MspInit)
    HAL_TIM_PWM_PulseFinishedCallback        0x080029ed   Thumb Code     8  stm32f1xx_hal_tim.o(.text.HAL_TIM_PWM_PulseFinishedCallback)
    HAL_TIM_PWM_Start                        0x080029f5   Thumb Code   352  stm32f1xx_hal_tim.o(.text.HAL_TIM_PWM_Start)
    HAL_TIM_PWM_Stop                         0x08002b55   Thumb Code   228  stm32f1xx_hal_tim.o(.text.HAL_TIM_PWM_Stop)
    HAL_TIM_PeriodElapsedCallback            0x08002c39   Thumb Code     8  stm32f1xx_hal_tim.o(.text.HAL_TIM_PeriodElapsedCallback)
    HAL_TIM_TriggerCallback                  0x08002c41   Thumb Code     8  stm32f1xx_hal_tim.o(.text.HAL_TIM_TriggerCallback)
    HAL_UARTEx_RxEventCallback               0x08002c49   Thumb Code    12  stm32f1xx_hal_uart.o(.text.HAL_UARTEx_RxEventCallback)
    HAL_UART_ErrorCallback                   0x08002c55   Thumb Code     8  stm32f1xx_hal_uart.o(.text.HAL_UART_ErrorCallback)
    HAL_UART_IRQHandler                      0x08002c5d   Thumb Code  1066  stm32f1xx_hal_uart.o(.text.HAL_UART_IRQHandler)
    HAL_UART_Init                            0x08003089   Thumb Code   158  stm32f1xx_hal_uart.o(.text.HAL_UART_Init)
    HAL_UART_MspInit                         0x08003129   Thumb Code   244  usart.o(.text.HAL_UART_MspInit)
    HAL_UART_RxCpltCallback                  0x0800321d   Thumb Code     8  stm32f1xx_hal_uart.o(.text.HAL_UART_RxCpltCallback)
    HAL_UART_Transmit_IT                     0x08003225   Thumb Code   114  stm32f1xx_hal_uart.o(.text.HAL_UART_Transmit_IT)
    HAL_UART_TxCpltCallback                  0x08003299   Thumb Code     8  stm32f1xx_hal_uart.o(.text.HAL_UART_TxCpltCallback)
    HardFault_Handler                        0x080032a1   Thumb Code     4  stm32f1xx_it.o(.text.HardFault_Handler)
    MX_DMA_Init                              0x080032a5   Thumb Code    56  dma.o(.text.MX_DMA_Init)
    MX_GPIO_Init                             0x080032dd   Thumb Code    66  gpio.o(.text.MX_GPIO_Init)
    MX_TIM2_Init                             0x08003321   Thumb Code   180  tim.o(.text.MX_TIM2_Init)
    MX_USART1_UART_Init                      0x080033d5   Thumb Code    64  usart.o(.text.MX_USART1_UART_Init)
    MemManage_Handler                        0x08003415   Thumb Code     4  stm32f1xx_it.o(.text.MemManage_Handler)
    NMI_Handler                              0x08003419   Thumb Code     4  stm32f1xx_it.o(.text.NMI_Handler)
    PWM_InitPWM                              0x08003489   Thumb Code    80  util_pwm.o(.text.PWM_InitPWM)
    PWM_SetPWMDuty                           0x080034d9   Thumb Code   116  util_pwm.o(.text.PWM_SetPWMDuty)
    PWM_SetPWMFreq                           0x0800354d   Thumb Code   130  util_pwm.o(.text.PWM_SetPWMFreq)
    PWM_StartPWM                             0x080035d1   Thumb Code    40  util_pwm.o(.text.PWM_StartPWM)
    PWM_StopPWM                              0x080035f9   Thumb Code    42  util_pwm.o(.text.PWM_StopPWM)
    PendSV_Handler                           0x08003625   Thumb Code     2  stm32f1xx_it.o(.text.PendSV_Handler)
    SVC_Handler                              0x08003665   Thumb Code     2  stm32f1xx_it.o(.text.SVC_Handler)
    Servo_GetServoAngle                      0x08003669   Thumb Code    12  periph_servo.o(.text.Servo_GetServoAngle)
    Servo_InitServo                          0x08003675   Thumb Code    58  periph_servo.o(.text.Servo_InitServo)
    Servo_SetServoAngle                      0x080036b1   Thumb Code    72  periph_servo.o(.text.Servo_SetServoAngle)
    Servo_StartServo                         0x080036f9   Thumb Code    36  periph_servo.o(.text.Servo_StartServo)
    SysTick_Handler                          0x08003771   Thumb Code     8  stm32f1xx_it.o(.text.SysTick_Handler)
    SystemClock_Config                       0x08003779   Thumb Code   108  main.o(.text.SystemClock_Config)
    SystemInit                               0x080037e5   Thumb Code     2  system_stm32f1xx.o(.text.SystemInit)
    TIM2_IRQHandler                          0x080037e9   Thumb Code    16  stm32f1xx_it.o(.text.TIM2_IRQHandler)
    TIM_Base_SetConfig                       0x080037f9   Thumb Code   240  stm32f1xx_hal_tim.o(.text.TIM_Base_SetConfig)
    TIM_CCxChannelCmd                        0x080038e9   Thumb Code    54  stm32f1xx_hal_tim.o(.text.TIM_CCxChannelCmd)
    TIM_OC2_SetConfig                        0x080039f1   Thumb Code   216  stm32f1xx_hal_tim.o(.text.TIM_OC2_SetConfig)
    USART1_IRQHandler                        0x08003fd1   Thumb Code    28  stm32f1xx_it.o(.text.USART1_IRQHandler)
    Uart_DMACurrentDataCounter               0x08003fed   Thumb Code    16  util_uart.o(.text.Uart_DMACurrentDataCounter)
    Uart_InitUartDMA                         0x08003ffd   Thumb Code    46  util_uart.o(.text.Uart_InitUartDMA)
    Uart_ReceiveDMA                          0x0800402d   Thumb Code   118  util_uart.o(.text.Uart_ReceiveDMA)
    Uart_ReceiveHandler                      0x080040a5   Thumb Code    72  util_uart.o(.text.Uart_ReceiveHandler)
    Uart_RxIdleCallback                      0x080040ed   Thumb Code    34  util_uart.o(.text.Uart_RxIdleCallback)
    UsageFault_Handler                       0x08004111   Thumb Code     4  stm32f1xx_it.o(.text.UsageFault_Handler)
    buff2float                               0x080041d5   Thumb Code    16  lib_buff.o(.text.buff2float)
    float2buff                               0x080041e5   Thumb Code    20  lib_buff.o(.text.float2buff)
    main                                     0x080041f9   Thumb Code    84  main.o(.text.main)
    __aeabi_fadd                             0x0800424d   Thumb Code     0  faddsub_clz.o(x$fpl$fadd)
    _fadd                                    0x0800424d   Thumb Code   196  faddsub_clz.o(x$fpl$fadd)
    __aeabi_fcmpeq                           0x08004311   Thumb Code     0  fcmp.o(x$fpl$fcmp)
    _feq                                     0x08004311   Thumb Code    14  fcmp.o(x$fpl$fcmp)
    _fneq                                    0x0800431f   Thumb Code    14  fcmp.o(x$fpl$fcmp)
    __aeabi_fcmpgt                           0x0800432d   Thumb Code     0  fcmp.o(x$fpl$fcmp)
    _fgr                                     0x0800432d   Thumb Code    14  fcmp.o(x$fpl$fcmp)
    __aeabi_fcmpge                           0x0800433b   Thumb Code     0  fcmp.o(x$fpl$fcmp)
    _fgeq                                    0x0800433b   Thumb Code    14  fcmp.o(x$fpl$fcmp)
    __aeabi_fcmple                           0x08004349   Thumb Code     0  fcmp.o(x$fpl$fcmp)
    _fleq                                    0x08004349   Thumb Code    14  fcmp.o(x$fpl$fcmp)
    __aeabi_fcmplt                           0x08004357   Thumb Code     0  fcmp.o(x$fpl$fcmp)
    _fls                                     0x08004357   Thumb Code    14  fcmp.o(x$fpl$fcmp)
    __fpl_fcmp_Inf                           0x08004365   Thumb Code    24  fcmpi.o(x$fpl$fcmpinf)
    __aeabi_fdiv                             0x0800437d   Thumb Code     0  fdiv.o(x$fpl$fdiv)
    _fdiv                                    0x0800437d   Thumb Code   384  fdiv.o(x$fpl$fdiv)
    __aeabi_cfcmpeq                          0x08004501   Thumb Code     0  feqf.o(x$fpl$feqf)
    _fcmpeq                                  0x08004501   Thumb Code   104  feqf.o(x$fpl$feqf)
    __aeabi_f2uiz                            0x08004569   Thumb Code     0  ffixu.o(x$fpl$ffixu)
    _ffixu                                   0x08004569   Thumb Code    62  ffixu.o(x$fpl$ffixu)
    __aeabi_ui2f                             0x080045a9   Thumb Code     0  fflt_clz.o(x$fpl$ffltu)
    _ffltu                                   0x080045a9   Thumb Code    38  fflt_clz.o(x$fpl$ffltu)
    _fcmpge                                  0x080045d1   Thumb Code   104  fgeqf.o(x$fpl$fgeqf)
    __aeabi_cfcmple                          0x08004639   Thumb Code     0  fleqf.o(x$fpl$fleqf)
    _fcmple                                  0x08004639   Thumb Code   104  fleqf.o(x$fpl$fleqf)
    __fpl_fcmple_InfNaN                      0x0800468b   Thumb Code     0  fleqf.o(x$fpl$fleqf)
    __aeabi_fmul                             0x080046a1   Thumb Code     0  fmul.o(x$fpl$fmul)
    _fmul                                    0x080046a1   Thumb Code   258  fmul.o(x$fpl$fmul)
    __fpl_fnaninf                            0x080047a3   Thumb Code   140  fnaninf.o(x$fpl$fnaninf)
    __fpl_fretinf                            0x0800482f   Thumb Code    10  fretinf.o(x$fpl$fretinf)
    __aeabi_fsub                             0x08004839   Thumb Code     0  faddsub_clz.o(x$fpl$fsub)
    _fsub                                    0x08004839   Thumb Code   234  faddsub_clz.o(x$fpl$fsub)
    AHBPrescTable                            0x08004922   Data          16  system_stm32f1xx.o(.rodata.AHBPrescTable)
    __I$use$fp                               0x08004922   Number         0  usenofp.o(x$fpl$usenofp)
    APBPrescTable                            0x08004932   Data           8  system_stm32f1xx.o(.rodata.APBPrescTable)
    Region$$Table$$Base                      0x0800494c   Number         0  anon$$obj.o(Region$$Table)
    Region$$Table$$Limit                     0x0800496c   Number         0  anon$$obj.o(Region$$Table)
    Gimbal_Angle_Offset_Pitch                0x20000000   Data           8  sys_const.o(.data.Gimbal_Angle_Offset_Pitch)
    SystemCoreClock                          0x20000008   Data           4  system_stm32f1xx.o(.data.SystemCoreClock)
    servo_pitch_angle                        0x2000000c   Data           4  main.o(.data.servo_pitch_angle)
    servo_yaw_angle                          0x20000010   Data           4  main.o(.data.servo_yaw_angle)
    uwTickFreq                               0x20000014   Data           1  stm32f1xx_hal.o(.data.uwTickFreq)
    uwTickPrio                               0x20000018   Data           4  stm32f1xx_hal.o(.data.uwTickPrio)
    __libspace_start                         0x20000020   Data          96  libspace.o(.bss)
    Gimbal                                   0x20000080   Data         204  periph_pc.o(.bss.Gimbal)
    __temporary_stack_top$libspace           0x20000080   Data           0  libspace.o(.bss)
    Gimbal_Angle_Offset_Yaw                  0x2000014c   Data           8  sys_const.o(.bss.Gimbal_Angle_Offset_Yaw)
    hdma_usart1_rx                           0x20000154   Data          68  usart.o(.bss.hdma_usart1_rx)
    htim2                                    0x20000198   Data          72  tim.o(.bss.htim2)
    huart1                                   0x200001e0   Data          72  usart.o(.bss.huart1)
    pFlash                                   0x20000228   Data          32  stm32f1xx_hal_flash.o(.bss.pFlash)
    uwTick                                   0x20000248   Data           4  stm32f1xx_hal.o(.bss.uwTick)



==============================================================================

Memory Map of the image

  Image Entry point : 0x080000ed

  Load Region LR_IROM1 (Base: 0x08000000, Size: 0x00004990, Max: 0x00010000, ABSOLUTE)

    Execution Region ER_IROM1 (Exec base: 0x08000000, Load base: 0x08000000, Size: 0x0000496c, Max: 0x00010000, ABSOLUTE)

    Exec Addr    Load Addr    Size         Type   Attr      Idx    E Section Name        Object

    0x08000000   0x08000000   0x000000ec   Data   RO            3    RESET               startup_stm32f103xb.o
    0x080000ec   0x080000ec   0x00000008   Code   RO         1116  * !!!main             c_w.l(__main.o)
    0x080000f4   0x080000f4   0x0000005c   Code   RO         1318    !!!scatter          c_w.l(__scatter.o)
    0x08000150   0x08000150   0x0000001a   Code   RO         1322    !!handler_copy      c_w.l(__scatter_copy.o)
    0x0800016a   0x0800016a   0x00000002   PAD
    0x0800016c   0x0800016c   0x00000002   Code   RO         1319    !!handler_null      c_w.l(__scatter.o)
    0x0800016e   0x0800016e   0x00000002   PAD
    0x08000170   0x08000170   0x0000001c   Code   RO         1324    !!handler_zi        c_w.l(__scatter_zi.o)
    0x0800018c   0x0800018c   0x00000002   Code   RO         1180    .ARM.Collect$$libinit$$00000000  c_w.l(libinit.o)
    0x0800018e   0x0800018e   0x00000000   Code   RO         1187    .ARM.Collect$$libinit$$00000002  c_w.l(libinit2.o)
    0x0800018e   0x0800018e   0x00000000   Code   RO         1189    .ARM.Collect$$libinit$$00000004  c_w.l(libinit2.o)
    0x0800018e   0x0800018e   0x00000000   Code   RO         1191    .ARM.Collect$$libinit$$00000006  c_w.l(libinit2.o)
    0x0800018e   0x0800018e   0x00000000   Code   RO         1194    .ARM.Collect$$libinit$$0000000C  c_w.l(libinit2.o)
    0x0800018e   0x0800018e   0x00000000   Code   RO         1196    .ARM.Collect$$libinit$$0000000E  c_w.l(libinit2.o)
    0x0800018e   0x0800018e   0x00000000   Code   RO         1198    .ARM.Collect$$libinit$$00000010  c_w.l(libinit2.o)
    0x0800018e   0x0800018e   0x00000000   Code   RO         1201    .ARM.Collect$$libinit$$00000013  c_w.l(libinit2.o)
    0x0800018e   0x0800018e   0x00000000   Code   RO         1203    .ARM.Collect$$libinit$$00000015  c_w.l(libinit2.o)
    0x0800018e   0x0800018e   0x00000000   Code   RO         1205    .ARM.Collect$$libinit$$00000017  c_w.l(libinit2.o)
    0x0800018e   0x0800018e   0x00000000   Code   RO         1207    .ARM.Collect$$libinit$$00000019  c_w.l(libinit2.o)
    0x0800018e   0x0800018e   0x00000000   Code   RO         1209    .ARM.Collect$$libinit$$0000001B  c_w.l(libinit2.o)
    0x0800018e   0x0800018e   0x00000000   Code   RO         1211    .ARM.Collect$$libinit$$0000001D  c_w.l(libinit2.o)
    0x0800018e   0x0800018e   0x00000000   Code   RO         1213    .ARM.Collect$$libinit$$0000001F  c_w.l(libinit2.o)
    0x0800018e   0x0800018e   0x00000000   Code   RO         1215    .ARM.Collect$$libinit$$00000021  c_w.l(libinit2.o)
    0x0800018e   0x0800018e   0x00000000   Code   RO         1217    .ARM.Collect$$libinit$$00000023  c_w.l(libinit2.o)
    0x0800018e   0x0800018e   0x00000000   Code   RO         1219    .ARM.Collect$$libinit$$00000025  c_w.l(libinit2.o)
    0x0800018e   0x0800018e   0x00000000   Code   RO         1221    .ARM.Collect$$libinit$$00000027  c_w.l(libinit2.o)
    0x0800018e   0x0800018e   0x00000000   Code   RO         1225    .ARM.Collect$$libinit$$0000002E  c_w.l(libinit2.o)
    0x0800018e   0x0800018e   0x00000000   Code   RO         1227    .ARM.Collect$$libinit$$00000030  c_w.l(libinit2.o)
    0x0800018e   0x0800018e   0x00000000   Code   RO         1229    .ARM.Collect$$libinit$$00000032  c_w.l(libinit2.o)
    0x0800018e   0x0800018e   0x00000000   Code   RO         1231    .ARM.Collect$$libinit$$00000034  c_w.l(libinit2.o)
    0x0800018e   0x0800018e   0x00000002   Code   RO         1232    .ARM.Collect$$libinit$$00000035  c_w.l(libinit2.o)
    0x08000190   0x08000190   0x00000002   Code   RO         1254    .ARM.Collect$$libshutdown$$00000000  c_w.l(libshutdown.o)
    0x08000192   0x08000192   0x00000000   Code   RO         1269    .ARM.Collect$$libshutdown$$00000002  c_w.l(libshutdown2.o)
    0x08000192   0x08000192   0x00000000   Code   RO         1271    .ARM.Collect$$libshutdown$$00000004  c_w.l(libshutdown2.o)
    0x08000192   0x08000192   0x00000000   Code   RO         1274    .ARM.Collect$$libshutdown$$00000007  c_w.l(libshutdown2.o)
    0x08000192   0x08000192   0x00000000   Code   RO         1277    .ARM.Collect$$libshutdown$$0000000A  c_w.l(libshutdown2.o)
    0x08000192   0x08000192   0x00000000   Code   RO         1279    .ARM.Collect$$libshutdown$$0000000C  c_w.l(libshutdown2.o)
    0x08000192   0x08000192   0x00000000   Code   RO         1282    .ARM.Collect$$libshutdown$$0000000F  c_w.l(libshutdown2.o)
    0x08000192   0x08000192   0x00000002   Code   RO         1283    .ARM.Collect$$libshutdown$$00000010  c_w.l(libshutdown2.o)
    0x08000194   0x08000194   0x00000000   Code   RO         1142    .ARM.Collect$$rtentry$$00000000  c_w.l(__rtentry.o)
    0x08000194   0x08000194   0x00000000   Code   RO         1155    .ARM.Collect$$rtentry$$00000002  c_w.l(__rtentry2.o)
    0x08000194   0x08000194   0x00000006   Code   RO         1167    .ARM.Collect$$rtentry$$00000004  c_w.l(__rtentry4.o)
    0x0800019a   0x0800019a   0x00000000   Code   RO         1157    .ARM.Collect$$rtentry$$00000009  c_w.l(__rtentry2.o)
    0x0800019a   0x0800019a   0x00000004   Code   RO         1158    .ARM.Collect$$rtentry$$0000000A  c_w.l(__rtentry2.o)
    0x0800019e   0x0800019e   0x00000000   Code   RO         1160    .ARM.Collect$$rtentry$$0000000C  c_w.l(__rtentry2.o)
    0x0800019e   0x0800019e   0x00000008   Code   RO         1161    .ARM.Collect$$rtentry$$0000000D  c_w.l(__rtentry2.o)
    0x080001a6   0x080001a6   0x00000002   Code   RO         1184    .ARM.Collect$$rtexit$$00000000  c_w.l(rtexit.o)
    0x080001a8   0x080001a8   0x00000000   Code   RO         1234    .ARM.Collect$$rtexit$$00000002  c_w.l(rtexit2.o)
    0x080001a8   0x080001a8   0x00000004   Code   RO         1235    .ARM.Collect$$rtexit$$00000003  c_w.l(rtexit2.o)
    0x080001ac   0x080001ac   0x00000006   Code   RO         1236    .ARM.Collect$$rtexit$$00000004  c_w.l(rtexit2.o)
    0x080001b2   0x080001b2   0x00000002   PAD
    0x080001b4   0x080001b4   0x00000040   Code   RO            4    .text               startup_stm32f103xb.o
    0x080001f4   0x080001f4   0x0000004e   Code   RO         1112    .text               c_w.l(rt_memclr_w.o)
    0x08000242   0x08000242   0x00000006   Code   RO         1114    .text               c_w.l(heapauxi.o)
    0x08000248   0x08000248   0x0000004a   Code   RO         1171    .text               c_w.l(sys_stackheap_outer.o)
    0x08000292   0x08000292   0x00000012   Code   RO         1173    .text               c_w.l(exit.o)
    0x080002a4   0x080002a4   0x00000008   Code   RO         1181    .text               c_w.l(libspace.o)
    0x080002ac   0x080002ac   0x0000000c   Code   RO         1244    .text               c_w.l(sys_exit.o)
    0x080002b8   0x080002b8   0x00000002   Code   RO         1259    .text               c_w.l(use_no_semi.o)
    0x080002ba   0x080002ba   0x00000000   Code   RO         1261    .text               c_w.l(indicate_semi.o)
    0x080002ba   0x080002ba   0x00000002   PAD
    0x080002bc   0x080002bc   0x00000004   Code   RO           80    .text.BusFault_Handler  stm32f1xx_it.o
    0x080002c0   0x080002c0   0x00000010   Code   RO           92    .text.DMA1_Channel5_IRQHandler  stm32f1xx_it.o
    0x080002d0   0x080002d0   0x00000050   Code   RO          605    .text.DMA_SetConfig  stm32f1xx_hal_dma.o
    0x08000320   0x08000320   0x00000002   Code   RO           86    .text.DebugMon_Handler  stm32f1xx_it.o
    0x08000322   0x08000322   0x00000002   PAD
    0x08000324   0x08000324   0x0000000e   Code   RO           15    .text.Error_Handler  main.o
    0x08000332   0x08000332   0x00000002   PAD
    0x08000334   0x08000334   0x0000002c   Code   RO          778    .text.FLASH_MassErase  stm32f1xx_hal_flash_ex.o
    0x08000360   0x08000360   0x00000038   Code   RO          780    .text.FLASH_PageErase  stm32f1xx_hal_flash_ex.o
    0x08000398   0x08000398   0x00000030   Code   RO          744    .text.FLASH_Program_HalfWord  stm32f1xx_hal_flash.o
    0x080003c8   0x080003c8   0x0000010e   Code   RO          750    .text.FLASH_SetErrorCode  stm32f1xx_hal_flash.o
    0x080004d6   0x080004d6   0x00000002   PAD
    0x080004d8   0x080004d8   0x00000118   Code   RO          742    .text.FLASH_WaitForLastOperation  stm32f1xx_hal_flash.o
    0x080005f0   0x080005f0   0x00000036   Code   RO         1025    .text.Flash_ReadFlash  util_flash.o
    0x08000626   0x08000626   0x00000002   PAD
    0x08000628   0x08000628   0x0000005e   Code   RO         1023    .text.Flash_WriteFlash  util_flash.o
    0x08000686   0x08000686   0x00000002   PAD
    0x08000688   0x08000688   0x00000338   Code   RO         1069    .text.Gimbal_DecodeGimbalData  periph_pc.o
    0x080009c0   0x080009c0   0x00000034   Code   RO         1057    .text.Gimbal_Heartbeat  periph_pc.o
    0x080009f4   0x080009f4   0x0000009e   Code   RO         1051    .text.Gimbal_InitGimbal  periph_pc.o
    0x08000a92   0x08000a92   0x00000002   PAD
    0x08000a94   0x08000a94   0x00000082   Code   RO         1053    .text.Gimbal_InitTxData  periph_pc.o
    0x08000b16   0x08000b16   0x00000002   PAD
    0x08000b18   0x08000b18   0x00000054   Code   RO         1059    .text.Gimbal_OnlineNotice  periph_pc.o
    0x08000b6c   0x08000b6c   0x00000056   Code   RO         1073    .text.Gimbal_RxCallback  periph_pc.o
    0x08000bc2   0x08000bc2   0x00000002   PAD
    0x08000bc4   0x08000bc4   0x0000002a   Code   RO         1067    .text.Gimbal_SetGimbalAngle  periph_pc.o
    0x08000bee   0x08000bee   0x00000002   PAD
    0x08000bf0   0x08000bf0   0x00000046   Code   RO         1065    .text.Gimbal_SetGimbalID  periph_pc.o
    0x08000c36   0x08000c36   0x00000002   PAD
    0x08000c38   0x08000c38   0x00000036   Code   RO         1061    .text.Gimbal_StartGimbal  periph_pc.o
    0x08000c6e   0x08000c6e   0x00000002   PAD
    0x08000c70   0x08000c70   0x0000003e   Code   RO         1055    .text.Gimbal_Sum    periph_pc.o
    0x08000cae   0x08000cae   0x00000002   PAD
    0x08000cb0   0x08000cb0   0x0000005c   Code   RO         1071    .text.Gimbal_SumCheck  periph_pc.o
    0x08000d0c   0x08000d0c   0x0000007c   Code   RO          609    .text.HAL_DMA_Abort  stm32f1xx_hal_dma.o
    0x08000d88   0x08000d88   0x0000011c   Code   RO          611    .text.HAL_DMA_Abort_IT  stm32f1xx_hal_dma.o
    0x08000ea4   0x08000ea4   0x00000286   Code   RO          615    .text.HAL_DMA_IRQHandler  stm32f1xx_hal_dma.o
    0x0800112a   0x0800112a   0x00000002   PAD
    0x0800112c   0x0800112c   0x000000ae   Code   RO          599    .text.HAL_DMA_Init  stm32f1xx_hal_dma.o
    0x080011da   0x080011da   0x00000002   PAD
    0x080011dc   0x080011dc   0x0000009a   Code   RO          603    .text.HAL_DMA_Start  stm32f1xx_hal_dma.o
    0x08001276   0x08001276   0x00000002   PAD
    0x08001278   0x08001278   0x00000042   Code   RO          482    .text.HAL_Delay     stm32f1xx_hal.o
    0x080012ba   0x080012ba   0x00000002   PAD
    0x080012bc   0x080012bc   0x0000010a   Code   RO          776    .text.HAL_FLASHEx_Erase  stm32f1xx_hal_flash_ex.o
    0x080013c6   0x080013c6   0x00000002   PAD
    0x080013c8   0x080013c8   0x00000014   Code   RO          758    .text.HAL_FLASH_Lock  stm32f1xx_hal_flash.o
    0x080013dc   0x080013dc   0x0000012c   Code   RO          740    .text.HAL_FLASH_Program  stm32f1xx_hal_flash.o
    0x08001508   0x08001508   0x0000005a   Code   RO          756    .text.HAL_FLASH_Unlock  stm32f1xx_hal_flash.o
    0x08001562   0x08001562   0x00000002   PAD
    0x08001564   0x08001564   0x0000031e   Code   RO          576    .text.HAL_GPIO_Init  stm32f1xx_hal_gpio.o
    0x08001882   0x08001882   0x00000002   PAD
    0x08001884   0x08001884   0x0000000c   Code   RO          474    .text.HAL_GetTick   stm32f1xx_hal.o
    0x08001890   0x08001890   0x0000001a   Code   RO          472    .text.HAL_IncTick   stm32f1xx_hal.o
    0x080018aa   0x080018aa   0x00000002   PAD
    0x080018ac   0x080018ac   0x00000026   Code   RO          462    .text.HAL_Init      stm32f1xx_hal.o
    0x080018d2   0x080018d2   0x00000002   PAD
    0x080018d4   0x080018d4   0x00000070   Code   RO          464    .text.HAL_InitTick  stm32f1xx_hal.o
    0x08001944   0x08001944   0x00000064   Code   RO          105    .text.HAL_MspInit   stm32f1xx_hal_msp.o
    0x080019a8   0x080019a8   0x00000014   Code   RO          644    .text.HAL_NVIC_EnableIRQ  stm32f1xx_hal_cortex.o
    0x080019bc   0x080019bc   0x00000032   Code   RO          636    .text.HAL_NVIC_SetPriority  stm32f1xx_hal_cortex.o
    0x080019ee   0x080019ee   0x00000002   PAD
    0x080019f0   0x080019f0   0x00000010   Code   RO          632    .text.HAL_NVIC_SetPriorityGrouping  stm32f1xx_hal_cortex.o
    0x08001a00   0x08001a00   0x00000256   Code   RO          528    .text.HAL_RCC_ClockConfig  stm32f1xx_hal_rcc.o
    0x08001c56   0x08001c56   0x00000002   PAD
    0x08001c58   0x08001c58   0x0000000c   Code   RO          538    .text.HAL_RCC_GetHCLKFreq  stm32f1xx_hal_rcc.o
    0x08001c64   0x08001c64   0x00000022   Code   RO          540    .text.HAL_RCC_GetPCLK1Freq  stm32f1xx_hal_rcc.o
    0x08001c86   0x08001c86   0x00000002   PAD
    0x08001c88   0x08001c88   0x00000022   Code   RO          542    .text.HAL_RCC_GetPCLK2Freq  stm32f1xx_hal_rcc.o
    0x08001caa   0x08001caa   0x00000002   PAD
    0x08001cac   0x08001cac   0x000000bc   Code   RO          530    .text.HAL_RCC_GetSysClockFreq  stm32f1xx_hal_rcc.o
    0x08001d68   0x08001d68   0x0000067a   Code   RO          524    .text.HAL_RCC_OscConfig  stm32f1xx_hal_rcc.o
    0x080023e2   0x080023e2   0x00000002   PAD
    0x080023e4   0x080023e4   0x00000010   Code   RO          656    .text.HAL_SYSTICK_Config  stm32f1xx_hal_cortex.o
    0x080023f4   0x080023f4   0x00000008   Code   RO          449    .text.HAL_TIMEx_BreakCallback  stm32f1xx_hal_tim_ex.o
    0x080023fc   0x080023fc   0x00000008   Code   RO          445    .text.HAL_TIMEx_CommutCallback  stm32f1xx_hal_tim_ex.o
    0x08002404   0x08002404   0x000000dc   Code   RO          439    .text.HAL_TIMEx_MasterConfigSynchronization  stm32f1xx_hal_tim_ex.o
    0x080024e0   0x080024e0   0x00000008   Code   RO          262    .text.HAL_TIM_IC_CaptureCallback  stm32f1xx_hal_tim.o
    0x080024e8   0x080024e8   0x0000027a   Code   RO          260    .text.HAL_TIM_IRQHandler  stm32f1xx_hal_tim.o
    0x08002762   0x08002762   0x00000002   PAD
    0x08002764   0x08002764   0x00000058   Code   RO           45    .text.HAL_TIM_MspPostInit  tim.o
    0x080027bc   0x080027bc   0x00000008   Code   RO          264    .text.HAL_TIM_OC_DelayElapsedCallback  stm32f1xx_hal_tim.o
    0x080027c4   0x080027c4   0x00000142   Code   RO          292    .text.HAL_TIM_PWM_ConfigChannel  stm32f1xx_hal_tim.o
    0x08002906   0x08002906   0x00000002   PAD
    0x08002908   0x08002908   0x0000009c   Code   RO          180    .text.HAL_TIM_PWM_Init  stm32f1xx_hal_tim.o
    0x080029a4   0x080029a4   0x00000048   Code   RO           47    .text.HAL_TIM_PWM_MspInit  tim.o
    0x080029ec   0x080029ec   0x00000008   Code   RO          266    .text.HAL_TIM_PWM_PulseFinishedCallback  stm32f1xx_hal_tim.o
    0x080029f4   0x080029f4   0x00000160   Code   RO          188    .text.HAL_TIM_PWM_Start  stm32f1xx_hal_tim.o
    0x08002b54   0x08002b54   0x000000e4   Code   RO          190    .text.HAL_TIM_PWM_Stop  stm32f1xx_hal_tim.o
    0x08002c38   0x08002c38   0x00000008   Code   RO          268    .text.HAL_TIM_PeriodElapsedCallback  stm32f1xx_hal_tim.o
    0x08002c40   0x08002c40   0x00000008   Code   RO          270    .text.HAL_TIM_TriggerCallback  stm32f1xx_hal_tim.o
    0x08002c48   0x08002c48   0x0000000c   Code   RO          932    .text.HAL_UARTEx_RxEventCallback  stm32f1xx_hal_uart.o
    0x08002c54   0x08002c54   0x00000008   Code   RO          930    .text.HAL_UART_ErrorCallback  stm32f1xx_hal_uart.o
    0x08002c5c   0x08002c5c   0x0000042a   Code   RO          924    .text.HAL_UART_IRQHandler  stm32f1xx_hal_uart.o
    0x08003086   0x08003086   0x00000002   PAD
    0x08003088   0x08003088   0x0000009e   Code   RO          840    .text.HAL_UART_Init  stm32f1xx_hal_uart.o
    0x08003126   0x08003126   0x00000002   PAD
    0x08003128   0x08003128   0x000000f4   Code   RO           61    .text.HAL_UART_MspInit  usart.o
    0x0800321c   0x0800321c   0x00000008   Code   RO          942    .text.HAL_UART_RxCpltCallback  stm32f1xx_hal_uart.o
    0x08003224   0x08003224   0x00000072   Code   RO          862    .text.HAL_UART_Transmit_IT  stm32f1xx_hal_uart.o
    0x08003296   0x08003296   0x00000002   PAD
    0x08003298   0x08003298   0x00000008   Code   RO          938    .text.HAL_UART_TxCpltCallback  stm32f1xx_hal_uart.o
    0x080032a0   0x080032a0   0x00000004   Code   RO           76    .text.HardFault_Handler  stm32f1xx_it.o
    0x080032a4   0x080032a4   0x00000038   Code   RO           35    .text.MX_DMA_Init   dma.o
    0x080032dc   0x080032dc   0x00000042   Code   RO           27    .text.MX_GPIO_Init  gpio.o
    0x0800331e   0x0800331e   0x00000002   PAD
    0x08003320   0x08003320   0x000000b4   Code   RO           43    .text.MX_TIM2_Init  tim.o
    0x080033d4   0x080033d4   0x00000040   Code   RO           59    .text.MX_USART1_UART_Init  usart.o
    0x08003414   0x08003414   0x00000004   Code   RO           78    .text.MemManage_Handler  stm32f1xx_it.o
    0x08003418   0x08003418   0x00000004   Code   RO           74    .text.NMI_Handler   stm32f1xx_it.o
    0x0800341c   0x0800341c   0x0000006c   Code   RO          642    .text.NVIC_EncodePriority  stm32f1xx_hal_cortex.o
    0x08003488   0x08003488   0x00000050   Code   RO          985    .text.PWM_InitPWM   util_pwm.o
    0x080034d8   0x080034d8   0x00000074   Code   RO          993    .text.PWM_SetPWMDuty  util_pwm.o
    0x0800354c   0x0800354c   0x00000082   Code   RO          987    .text.PWM_SetPWMFreq  util_pwm.o
    0x080035ce   0x080035ce   0x00000002   PAD
    0x080035d0   0x080035d0   0x00000028   Code   RO          989    .text.PWM_StartPWM  util_pwm.o
    0x080035f8   0x080035f8   0x0000002a   Code   RO          991    .text.PWM_StopPWM   util_pwm.o
    0x08003622   0x08003622   0x00000002   PAD
    0x08003624   0x08003624   0x00000002   Code   RO           88    .text.PendSV_Handler  stm32f1xx_it.o
    0x08003626   0x08003626   0x00000002   PAD
    0x08003628   0x08003628   0x0000003a   Code   RO          526    .text.RCC_Delay     stm32f1xx_hal_rcc.o
    0x08003662   0x08003662   0x00000002   PAD
    0x08003664   0x08003664   0x00000002   Code   RO           84    .text.SVC_Handler   stm32f1xx_it.o
    0x08003666   0x08003666   0x00000002   PAD
    0x08003668   0x08003668   0x0000000c   Code   RO         1042    .text.Servo_GetServoAngle  periph_servo.o
    0x08003674   0x08003674   0x0000003a   Code   RO         1034    .text.Servo_InitServo  periph_servo.o
    0x080036ae   0x080036ae   0x00000002   PAD
    0x080036b0   0x080036b0   0x00000048   Code   RO         1038    .text.Servo_SetServoAngle  periph_servo.o
    0x080036f8   0x080036f8   0x00000024   Code   RO         1036    .text.Servo_StartServo  periph_servo.o
    0x0800371c   0x0800371c   0x00000052   Code   RO          658    .text.SysTick_Config  stm32f1xx_hal_cortex.o
    0x0800376e   0x0800376e   0x00000002   PAD
    0x08003770   0x08003770   0x00000008   Code   RO           90    .text.SysTick_Handler  stm32f1xx_it.o
    0x08003778   0x08003778   0x0000006c   Code   RO           13    .text.SystemClock_Config  main.o
    0x080037e4   0x080037e4   0x00000002   Code   RO          971    .text.SystemInit    system_stm32f1xx.o
    0x080037e6   0x080037e6   0x00000002   PAD
    0x080037e8   0x080037e8   0x00000010   Code   RO           94    .text.TIM2_IRQHandler  stm32f1xx_it.o
    0x080037f8   0x080037f8   0x000000f0   Code   RO          130    .text.TIM_Base_SetConfig  stm32f1xx_hal_tim.o
    0x080038e8   0x080038e8   0x00000036   Code   RO          164    .text.TIM_CCxChannelCmd  stm32f1xx_hal_tim.o
    0x0800391e   0x0800391e   0x00000002   PAD
    0x08003920   0x08003920   0x000000ce   Code   RO          274    .text.TIM_OC1_SetConfig  stm32f1xx_hal_tim.o
    0x080039ee   0x080039ee   0x00000002   PAD
    0x080039f0   0x080039f0   0x000000d8   Code   RO          276    .text.TIM_OC2_SetConfig  stm32f1xx_hal_tim.o
    0x08003ac8   0x08003ac8   0x000000d6   Code   RO          278    .text.TIM_OC3_SetConfig  stm32f1xx_hal_tim.o
    0x08003b9e   0x08003b9e   0x00000002   PAD
    0x08003ba0   0x08003ba0   0x00000096   Code   RO          280    .text.TIM_OC4_SetConfig  stm32f1xx_hal_tim.o
    0x08003c36   0x08003c36   0x00000002   PAD
    0x08003c38   0x08003c38   0x00000020   Code   RO          928    .text.UART_DMAAbortOnError  stm32f1xx_hal_uart.o
    0x08003c58   0x08003c58   0x00000094   Code   RO          888    .text.UART_EndRxTransfer  stm32f1xx_hal_uart.o
    0x08003cec   0x08003cec   0x00000026   Code   RO          936    .text.UART_EndTransmit_IT  stm32f1xx_hal_uart.o
    0x08003d12   0x08003d12   0x00000002   PAD
    0x08003d14   0x08003d14   0x0000016a   Code   RO          926    .text.UART_Receive_IT  stm32f1xx_hal_uart.o
    0x08003e7e   0x08003e7e   0x00000002   PAD
    0x08003e80   0x08003e80   0x000000ba   Code   RO          844    .text.UART_SetConfig  stm32f1xx_hal_uart.o
    0x08003f3a   0x08003f3a   0x00000002   PAD
    0x08003f3c   0x08003f3c   0x00000094   Code   RO          934    .text.UART_Transmit_IT  stm32f1xx_hal_uart.o
    0x08003fd0   0x08003fd0   0x0000001c   Code   RO           96    .text.USART1_IRQHandler  stm32f1xx_it.o
    0x08003fec   0x08003fec   0x00000010   Code   RO         1010    .text.Uart_DMACurrentDataCounter  util_uart.o
    0x08003ffc   0x08003ffc   0x0000002e   Code   RO         1002    .text.Uart_InitUartDMA  util_uart.o
    0x0800402a   0x0800402a   0x00000002   PAD
    0x0800402c   0x0800402c   0x00000076   Code   RO         1008    .text.Uart_ReceiveDMA  util_uart.o
    0x080040a2   0x080040a2   0x00000002   PAD
    0x080040a4   0x080040a4   0x00000048   Code   RO         1014    .text.Uart_ReceiveHandler  util_uart.o
    0x080040ec   0x080040ec   0x00000022   Code   RO         1012    .text.Uart_RxIdleCallback  util_uart.o
    0x0800410e   0x0800410e   0x00000002   PAD
    0x08004110   0x08004110   0x00000004   Code   RO           82    .text.UsageFault_Handler  stm32f1xx_it.o
    0x08004114   0x08004114   0x00000030   Code   RO          646    .text.__NVIC_EnableIRQ  stm32f1xx_hal_cortex.o
    0x08004144   0x08004144   0x00000010   Code   RO          638    .text.__NVIC_GetPriorityGrouping  stm32f1xx_hal_cortex.o
    0x08004154   0x08004154   0x00000042   Code   RO          640    .text.__NVIC_SetPriority  stm32f1xx_hal_cortex.o
    0x08004196   0x08004196   0x00000002   PAD
    0x08004198   0x08004198   0x0000003c   Code   RO          634    .text.__NVIC_SetPriorityGrouping  stm32f1xx_hal_cortex.o
    0x080041d4   0x080041d4   0x00000010   Code   RO         1083    .text.buff2float    lib_buff.o
    0x080041e4   0x080041e4   0x00000014   Code   RO         1085    .text.float2buff    lib_buff.o
    0x080041f8   0x080041f8   0x00000054   Code   RO           11    .text.main          main.o
    0x0800424c   0x0800424c   0x000000c4   Code   RO         1118    x$fpl$fadd          fz_ws.l(faddsub_clz.o)
    0x08004310   0x08004310   0x00000054   Code   RO         1124    x$fpl$fcmp          fz_ws.l(fcmp.o)
    0x08004364   0x08004364   0x00000018   Code   RO         1169    x$fpl$fcmpinf       fz_ws.l(fcmpi.o)
    0x0800437c   0x0800437c   0x00000184   Code   RO         1127    x$fpl$fdiv          fz_ws.l(fdiv.o)
    0x08004500   0x08004500   0x00000068   Code   RO         1143    x$fpl$feqf          fz_ws.l(feqf.o)
    0x08004568   0x08004568   0x0000003e   Code   RO         1130    x$fpl$ffixu         fz_ws.l(ffixu.o)
    0x080045a6   0x080045a6   0x00000002   PAD
    0x080045a8   0x080045a8   0x00000026   Code   RO         1134    x$fpl$ffltu         fz_ws.l(fflt_clz.o)
    0x080045ce   0x080045ce   0x00000002   PAD
    0x080045d0   0x080045d0   0x00000068   Code   RO         1145    x$fpl$fgeqf         fz_ws.l(fgeqf.o)
    0x08004638   0x08004638   0x00000068   Code   RO         1147    x$fpl$fleqf         fz_ws.l(fleqf.o)
    0x080046a0   0x080046a0   0x00000102   Code   RO         1140    x$fpl$fmul          fz_ws.l(fmul.o)
    0x080047a2   0x080047a2   0x0000008c   Code   RO         1149    x$fpl$fnaninf       fz_ws.l(fnaninf.o)
    0x0800482e   0x0800482e   0x0000000a   Code   RO         1151    x$fpl$fretinf       fz_ws.l(fretinf.o)
    0x08004838   0x08004838   0x000000ea   Code   RO         1120    x$fpl$fsub          fz_ws.l(faddsub_clz.o)
    0x08004922   0x08004922   0x00000000   Code   RO         1153    x$fpl$usenofp       fz_ws.l(usenofp.o)
    0x08004922   0x08004922   0x00000010   Data   RO          976    .rodata.AHBPrescTable  system_stm32f1xx.o
    0x08004932   0x08004932   0x00000008   Data   RO          977    .rodata.APBPrescTable  system_stm32f1xx.o
    0x0800493a   0x0800493a   0x00000010   Data   RO          552    .rodata.HAL_RCC_GetSysClockFreq.aPLLMULFactorTable  stm32f1xx_hal_rcc.o
    0x0800494a   0x0800494a   0x00000002   Data   RO          553    .rodata.HAL_RCC_GetSysClockFreq.aPredivFactorTable  stm32f1xx_hal_rcc.o
    0x0800494c   0x0800494c   0x00000020   Data   RO         1317    Region$$Table       anon$$obj.o


    Execution Region RW_IRAM1 (Exec base: 0x20000000, Load base: 0x08004970, Size: 0x00000850, Max: 0x00005000, ABSOLUTE)

    Exec Addr    Load Addr    Size         Type   Attr      Idx    E Section Name        Object

    0x20000000   0x08004970   0x00000008   Data   RW         1104    .data.Gimbal_Angle_Offset_Pitch  sys_const.o
    0x20000008   0x08004978   0x00000004   Data   RW          975    .data.SystemCoreClock  system_stm32f1xx.o
    0x2000000c   0x0800497c   0x00000004   Data   RW           17    .data.servo_pitch_angle  main.o
    0x20000010   0x08004980   0x00000004   Data   RW           18    .data.servo_yaw_angle  main.o
    0x20000014   0x08004984   0x00000001   Data   RW          513    .data.uwTickFreq    stm32f1xx_hal.o
    0x20000015   0x08004985   0x00000003   PAD
    0x20000018   0x08004988   0x00000004   Data   RW          512    .data.uwTickPrio    stm32f1xx_hal.o
    0x2000001c   0x0800498c   0x00000004   PAD
    0x20000020        -       0x00000060   Zero   RW         1182    .bss                c_w.l(libspace.o)
    0x20000080        -       0x000000cc   Zero   RW         1075    .bss.Gimbal         periph_pc.o
    0x2000014c        -       0x00000008   Zero   RW         1105    .bss.Gimbal_Angle_Offset_Yaw  sys_const.o
    0x20000154        -       0x00000044   Zero   RW           66    .bss.hdma_usart1_rx  usart.o
    0x20000198        -       0x00000048   Zero   RW           51    .bss.htim2          tim.o
    0x200001e0        -       0x00000048   Zero   RW           65    .bss.huart1         usart.o
    0x20000228        -       0x00000020   Zero   RW          768    .bss.pFlash         stm32f1xx_hal_flash.o
    0x20000248        -       0x00000004   Zero   RW          514    .bss.uwTick         stm32f1xx_hal.o
    0x2000024c   0x0800498c   0x00000004   PAD
    0x20000250        -       0x00000200   Zero   RW            2    HEAP                startup_stm32f103xb.o
    0x20000450        -       0x00000400   Zero   RW            1    STACK               startup_stm32f103xb.o


==============================================================================

Image component sizes


      Code (inc. data)   RO Data    RW Data    ZI Data      Debug   Object Name

        56          0          0          0          0       1973   dma.o
        66          0          0          0          0        908   gpio.o
        36          0          0          0          0       1622   lib_buff.o
       206          0          0          8          0       1734   main.o
      1654         14          0          0        204       8763   periph_pc.o
       178          0          0          0          0       4773   periph_servo.o
        64         26        236          0       1536        780   startup_stm32f103xb.o
       254          0          0          5          4       5535   stm32f1xx_hal.o
       482          0          0          0          0       7521   stm32f1xx_hal_cortex.o
      1462          0          0          0          0       6274   stm32f1xx_hal_dma.o
      1008          0          0          0         32       4811   stm32f1xx_hal_flash.o
       366          0          0          0          0       5825   stm32f1xx_hal_flash_ex.o
       798          0          0          0          0       4199   stm32f1xx_hal_gpio.o
       100          0          0          0          0       1173   stm32f1xx_hal_msp.o
      2582          0         18          0          0       7400   stm32f1xx_hal_rcc.o
      2812         14          0          0          0      35615   stm32f1xx_hal_tim.o
       236          0          0          0          0      15121   stm32f1xx_hal_tim_ex.o
      2288          0          0          0          0      20022   stm32f1xx_hal_uart.o
        94          0          0          0          0       1280   stm32f1xx_it.o
         0          0          0          8          8        436   sys_const.o
         2          0         24          4          0       1542   system_stm32f1xx.o
       340          0          0          0         72       6136   tim.o
       308          0          0          0        140       5236   usart.o
       148          0          0          0          0       1203   util_flash.o
       408          0          0          0          0       4830   util_pwm.o
       286          0          0          0          0       4198   util_uart.o

    ----------------------------------------------------------------------
     16336         54        310         28       2004     158910   Object Totals
         0          0         32          0          0          0   (incl. Generated)
       102          0          0          3          8          0   (incl. Padding)

    ----------------------------------------------------------------------

      Code (inc. data)   RO Data    RW Data    ZI Data      Debug   Library Member Name

         8          0          0          0          0         68   __main.o
         0          0          0          0          0          0   __rtentry.o
        12          0          0          0          0          0   __rtentry2.o
         6          0          0          0          0          0   __rtentry4.o
        94          8          0          0          0          0   __scatter.o
        26          0          0          0          0          0   __scatter_copy.o
        28          0          0          0          0          0   __scatter_zi.o
        18          0          0          0          0         80   exit.o
         6          0          0          0          0        152   heapauxi.o
         0          0          0          0          0          0   indicate_semi.o
         2          0          0          0          0          0   libinit.o
         2          0          0          0          0          0   libinit2.o
         2          0          0          0          0          0   libshutdown.o
         2          0          0          0          0          0   libshutdown2.o
         8          4          0          0         96         68   libspace.o
        78          0          0          0          0         80   rt_memclr_w.o
         2          0          0          0          0          0   rtexit.o
        10          0          0          0          0          0   rtexit2.o
        12          4          0          0          0         68   sys_exit.o
        74          0          0          0          0         80   sys_stackheap_outer.o
         2          0          0          0          0         68   use_no_semi.o
       430          8          0          0          0        168   faddsub_clz.o
        84          0          0          0          0        196   fcmp.o
        24          0          0          0          0         68   fcmpi.o
       388         76          0          0          0         96   fdiv.o
       104          4          0          0          0         84   feqf.o
        62          4          0          0          0         84   ffixu.o
        38          0          0          0          0         68   fflt_clz.o
       104          4          0          0          0         84   fgeqf.o
       104          4          0          0          0         84   fleqf.o
       258          4          0          0          0         84   fmul.o
       140          4          0          0          0         84   fnaninf.o
        10          0          0          0          0         68   fretinf.o
         0          0          0          0          0          0   usenofp.o

    ----------------------------------------------------------------------
      2150        124          0          0         96       1832   Library Totals
        12          0          0          0          0          0   (incl. Padding)

    ----------------------------------------------------------------------

      Code (inc. data)   RO Data    RW Data    ZI Data      Debug   Library Name

       392         16          0          0         96        664   c_w.l
      1746        108          0          0          0       1168   fz_ws.l

    ----------------------------------------------------------------------
      2150        124          0          0         96       1832   Library Totals

    ----------------------------------------------------------------------

==============================================================================


      Code (inc. data)   RO Data    RW Data    ZI Data      Debug   

     18486        178        310         28       2100     159514   Grand Totals
     18486        178        310         28       2100     159514   ELF Image Totals
     18486        178        310         28          0          0   ROM Totals

==============================================================================

    Total RO  Size (Code + RO Data)                18796 (  18.36kB)
    Total RW  Size (RW Data + ZI Data)              2128 (   2.08kB)
    Total ROM Size (Code + RO Data + RW Data)      18824 (  18.38kB)

==============================================================================

